Component: ARM Compiler 5.06 update 6 (build 750) Tool: armlink [4d35ed]

==============================================================================

Section Cross References

    startup_stm32f302x8.o(RESET) refers to startup_stm32f302x8.o(STACK) for __initial_sp
    startup_stm32f302x8.o(RESET) refers to startup_stm32f302x8.o(.text) for Reset_Handler
    startup_stm32f302x8.o(RESET) refers to stm32f3xx_it.o(i.NMI_Handler) for NMI_Handler
    startup_stm32f302x8.o(RESET) refers to stm32f3xx_it.o(i.HardFault_Handler) for HardFault_Handler
    startup_stm32f302x8.o(RESET) refers to stm32f3xx_it.o(i.MemManage_Handler) for MemManage_Handler
    startup_stm32f302x8.o(RESET) refers to stm32f3xx_it.o(i.BusFault_Handler) for BusFault_Handler
    startup_stm32f302x8.o(RESET) refers to stm32f3xx_it.o(i.UsageFault_Handler) for UsageFault_Handler
    startup_stm32f302x8.o(RESET) refers to stm32f3xx_it.o(i.SVC_Handler) for SVC_Handler
    startup_stm32f302x8.o(RESET) refers to stm32f3xx_it.o(i.DebugMon_Handler) for DebugMon_Handler
    startup_stm32f302x8.o(RESET) refers to stm32f3xx_it.o(i.PendSV_Handler) for PendSV_Handler
    startup_stm32f302x8.o(RESET) refers to stm32f3xx_it.o(i.SysTick_Handler) for SysTick_Handler
    startup_stm32f302x8.o(RESET) refers to bldc.o(i.DMA1_Channel1_IRQHandler) for DMA1_Channel1_IRQHandler
    startup_stm32f302x8.o(RESET) refers to bldc.o(i.ADC1_IRQHandler) for ADC1_IRQHandler
    startup_stm32f302x8.o(RESET) refers to stm32f3xx_it.o(i.TIM1_UP_TIM16_IRQHandler) for TIM1_UP_TIM16_IRQHandler
    startup_stm32f302x8.o(RESET) refers to bldc.o(i.TIM2_IRQHandler) for TIM2_IRQHandler
    startup_stm32f302x8.o(.text) refers to system_stm32f3xx.o(i.SystemInit) for SystemInit
    startup_stm32f302x8.o(.text) refers to entry.o(.ARM.Collect$$$$00000000) for __main
    main.o(i._Z18SystemClock_Configv) refers to memseta.o(.text) for __aeabi_memclr4
    main.o(i._Z18SystemClock_Configv) refers to stm32f3xx_hal_rcc.o(i.HAL_RCC_OscConfig) for HAL_RCC_OscConfig
    main.o(i._Z18SystemClock_Configv) refers to main.o(i.Error_Handler) for Error_Handler
    main.o(i._Z18SystemClock_Configv) refers to stm32f3xx_hal_rcc.o(i.HAL_RCC_ClockConfig) for HAL_RCC_ClockConfig
    main.o(i._Z18SystemClock_Configv) refers to stm32f3xx_hal_rcc_ex.o(i.HAL_RCCEx_PeriphCLKConfig) for HAL_RCCEx_PeriphCLKConfig
    main.o(i.__sti___6_main_c_3999b5b4) refers to bldc.o(i._ZN4BLDCC1Ev) for BLDC::BLDC()
    main.o(i.__sti___6_main_c_3999b5b4) refers to main.o(.bss) for BLDC_DRIVER
    main.o(i.main) refers to stm32f3xx_hal.o(i.HAL_Init) for HAL_Init
    main.o(i.main) refers to main.o(i._Z18SystemClock_Configv) for SystemClock_Config()
    main.o(i.main) refers to gpio.o(i.MX_GPIO_Init) for MX_GPIO_Init
    main.o(i.main) refers to dma.o(i.MX_DMA_Init) for MX_DMA_Init
    main.o(i.main) refers to tim.o(i.MX_TIM1_Init) for MX_TIM1_Init
    main.o(i.main) refers to tim.o(i.MX_TIM2_Init) for MX_TIM2_Init
    main.o(i.main) refers to adc.o(i.MX_ADC1_Init) for MX_ADC1_Init
    main.o(i.main) refers to stm32f3xx_hal_adc_ex.o(i.HAL_ADC_Start_DMA) for HAL_ADC_Start_DMA
    main.o(i.main) refers to stm32f3xx_hal_tim_ex.o(i.HAL_TIMEx_HallSensor_Start_IT) for HAL_TIMEx_HallSensor_Start_IT
    main.o(i.main) refers to stm32f3xx_hal_adc_ex.o(i.HAL_ADCEx_InjectedStart_IT) for HAL_ADCEx_InjectedStart_IT
    main.o(i.main) refers to stm32f3xx_hal_tim_ex.o(i.HAL_TIMEx_ConfigCommutEvent_IT) for HAL_TIMEx_ConfigCommutEvent_IT
    main.o(i.main) refers to stm32f3xx_hal_tim.o(i.HAL_TIM_PWM_Start) for HAL_TIM_PWM_Start
    main.o(i.main) refers to stm32f3xx_hal_gpio.o(i.HAL_GPIO_ReadPin) for HAL_GPIO_ReadPin
    main.o(i.main) refers to main.o(.bss) for BLDC_DRIVER
    main.o(i.main) refers to adc.o(.bss) for hadc1
    main.o(i.main) refers to tim.o(.bss) for htim2
    main.o(i.main) refers to main.o(.data) for hall_state
    main.o(.ARM.exidx) refers to main.o(i.Error_Handler) for i.Error_Handler
    main.o(.ARM.exidx) refers to main.o(i._Z18SystemClock_Configv) for i._Z18SystemClock_Configv
    main.o(.ARM.exidx) refers to main.o(i.main) for i.main
    main.o(.ARM.exidx) refers to main.o(i.__sti___6_main_c_3999b5b4) for i.__sti___6_main_c_3999b5b4
    main.o(.init_array) refers to main.o(i.__sti___6_main_c_3999b5b4) for __sti___6_main_c_3999b5b4
    main.o(.init_array) refers to cpp_init.o(.text) for __cpp_initialize__aeabi_
    gpio.o(i.MX_GPIO_Init) refers to memseta.o(.text) for __aeabi_memclr4
    gpio.o(i.MX_GPIO_Init) refers to stm32f3xx_hal_gpio.o(i.HAL_GPIO_WritePin) for HAL_GPIO_WritePin
    gpio.o(i.MX_GPIO_Init) refers to stm32f3xx_hal_gpio.o(i.HAL_GPIO_Init) for HAL_GPIO_Init
    gpio.o(.ARM.exidx) refers to gpio.o(i.MX_GPIO_Init) for i.MX_GPIO_Init
    adc.o(i.HAL_ADC_MspDeInit) refers to stm32f3xx_hal_gpio.o(i.HAL_GPIO_DeInit) for HAL_GPIO_DeInit
    adc.o(i.HAL_ADC_MspDeInit) refers to stm32f3xx_hal_dma.o(i.HAL_DMA_DeInit) for HAL_DMA_DeInit
[...]
    Removing stm32f3xx_hal_tim_ex.o(i.HAL_TIMEx_HallSensor_Stop_IT), (90 bytes).
    Removing stm32f3xx_hal_tim_ex.o(i.HAL_TIMEx_OCN_Start), (196 bytes).
    Removing stm32f3xx_hal_tim_ex.o(i.HAL_TIMEx_OCN_Start_DMA), (444 bytes).
    Removing stm32f3xx_hal_tim_ex.o(i.HAL_TIMEx_OCN_Start_IT), (264 bytes).
    Removing stm32f3xx_hal_tim_ex.o(i.HAL_TIMEx_OCN_Stop), (136 bytes).
    Removing stm32f3xx_hal_tim_ex.o(i.HAL_TIMEx_OCN_Stop_DMA), (212 bytes).
    Removing stm32f3xx_hal_tim_ex.o(i.HAL_TIMEx_OCN_Stop_IT), (218 bytes).
    Removing stm32f3xx_hal_tim_ex.o(i.HAL_TIMEx_OnePulseN_Start), (262 bytes).
    Removing stm32f3xx_hal_tim_ex.o(i.HAL_TIMEx_OnePulseN_Start_IT), (286 bytes).
    Removing stm32f3xx_hal_tim_ex.o(i.HAL_TIMEx_OnePulseN_Stop), (220 bytes).
    Removing stm32f3xx_hal_tim_ex.o(i.HAL_TIMEx_OnePulseN_Stop_IT), (244 bytes).
    Removing stm32f3xx_hal_tim_ex.o(i.HAL_TIMEx_PWMN_Start), (196 bytes).
    Removing stm32f3xx_hal_tim_ex.o(i.HAL_TIMEx_PWMN_Start_DMA), (444 bytes).
    Removing stm32f3xx_hal_tim_ex.o(i.HAL_TIMEx_PWMN_Start_IT), (264 bytes).
    Removing stm32f3xx_hal_tim_ex.o(i.HAL_TIMEx_PWMN_Stop), (136 bytes).
    Removing stm32f3xx_hal_tim_ex.o(i.HAL_TIMEx_PWMN_Stop_DMA), (212 bytes).
    Removing stm32f3xx_hal_tim_ex.o(i.HAL_TIMEx_PWMN_Stop_IT), (218 bytes).
    Removing stm32f3xx_hal_tim_ex.o(i.HAL_TIMEx_RemapConfig), (42 bytes).
    Removing stm32f3xx_hal_tim_ex.o(i.TIMEx_DMACommutationCplt), (20 bytes).
    Removing stm32f3xx_hal_tim_ex.o(i.TIMEx_DMACommutationHalfCplt), (20 bytes).
    Removing stm32f3xx_hal_tim_ex.o(i._ZN44_INTERNAL_22_stm32f3xx_hal_tim_ex_c_e8ef392016TIM_DMAErrorCCxNEP19__DMA_HandleTypeDef), (68 bytes).
    Removing stm32f3xx_hal_tim_ex.o(i._ZN44_INTERNAL_22_stm32f3xx_hal_tim_ex_c_e8ef392018TIM_CCxNChannelCmdEP11TIM_TypeDefjj), (34 bytes).
    Removing stm32f3xx_hal_tim_ex.o(i._ZN44_INTERNAL_22_stm32f3xx_hal_tim_ex_c_e8ef392022TIM_DMADelayPulseNCpltEP19__DMA_HandleTypeDef), (104 bytes).
    Removing stm32f3xx_hal_tim_ex.o(.ARM.exidx), (8 bytes).
    Removing stm32f3xx_hal_tim_ex.o(.ARM.exidx), (8 bytes).
    Removing stm32f3xx_hal_tim_ex.o(.ARM.exidx), (8 bytes).
    Removing stm32f3xx_hal_tim_ex.o(.ARM.exidx), (8 bytes).
    Removing stm32f3xx_hal_tim_ex.o(.ARM.exidx), (8 bytes).
    Removing stm32f3xx_hal_tim_ex.o(.ARM.exidx), (8 bytes).
    Removing stm32f3xx_hal_tim_ex.o(.ARM.exidx), (8 bytes).
    Removing stm32f3xx_hal_tim_ex.o(.ARM.exidx), (8 bytes).
    Removing stm32f3xx_hal_tim_ex.o(.ARM.exidx), (8 bytes).
    Removing stm32f3xx_hal_tim_ex.o(.ARM.exidx), (8 bytes).
    Removing stm32f3xx_hal_tim_ex.o(.ARM.exidx), (8 bytes).
    Removing stm32f3xx_hal_tim_ex.o(.ARM.exidx), (8 bytes).
    Removing stm32f3xx_hal_tim_ex.o(.ARM.exidx), (8 bytes).
    Removing stm32f3xx_hal_tim_ex.o(.ARM.exidx), (8 bytes).
    Removing stm32f3xx_hal_tim_ex.o(.ARM.exidx), (8 bytes).
    Removing stm32f3xx_hal_tim_ex.o(.ARM.exidx), (8 bytes).
    Removing stm32f3xx_hal_tim_ex.o(.ARM.exidx), (8 bytes).
    Removing stm32f3xx_hal_tim_ex.o(.ARM.exidx), (8 bytes).
    Removing stm32f3xx_hal_tim_ex.o(.ARM.exidx), (8 bytes).
    Removing stm32f3xx_hal_tim_ex.o(.ARM.exidx), (8 bytes).
    Removing stm32f3xx_hal_tim_ex.o(.ARM.exidx), (8 bytes).
    Removing stm32f3xx_hal_tim_ex.o(.ARM.exidx), (8 bytes).
    Removing stm32f3xx_hal_tim_ex.o(.ARM.exidx), (8 bytes).
    Removing stm32f3xx_hal_tim_ex.o(.ARM.exidx), (8 bytes).
    Removing stm32f3xx_hal_tim_ex.o(.ARM.exidx), (8 bytes).
    Removing stm32f3xx_hal_tim_ex.o(.ARM.exidx), (8 bytes).
    Removing stm32f3xx_hal_tim_ex.o(.ARM.exidx), (8 bytes).
    Removing stm32f3xx_hal_tim_ex.o(.ARM.exidx), (8 bytes).
    Removing stm32f3xx_hal_tim_ex.o(.ARM.exidx), (8 bytes).
    Removing stm32f3xx_hal_tim_ex.o(.ARM.exidx), (8 bytes).
    Removing stm32f3xx_hal_tim_ex.o(.ARM.exidx), (8 bytes).
    Removing stm32f3xx_hal_tim_ex.o(.ARM.exidx), (8 bytes).
    Removing stm32f3xx_hal_tim_ex.o(.ARM.exidx), (8 bytes).
    Removing stm32f3xx_hal_tim_ex.o(.ARM.exidx), (8 bytes).
    Removing stm32f3xx_hal_tim_ex.o(.ARM.exidx), (8 bytes).
    Removing stm32f3xx_hal_tim_ex.o(.ARM.exidx), (8 bytes).
    Removing stm32f3xx_hal_tim_ex.o(.ARM.exidx), (8 bytes).
    Removing stm32f3xx_hal_tim_ex.o(.ARM.exidx), (8 bytes).
    Removing stm32f3xx_hal_tim_ex.o(.ARM.exidx), (8 bytes).
    Removing stm32f3xx_hal_tim_ex.o(.ARM.exidx), (8 bytes).
    Removing stm32f3xx_hal_tim_ex.o(.ARM.exidx), (8 bytes).
    Removing stm32f3xx_hal_tim_ex.o(.ARM.exidx), (8 bytes).
    Removing stm32f3xx_hal_tim_ex.o(.ARM.exidx), (8 bytes).
    Removing stm32f3xx_hal_tim_ex.o(.ARM.exidx), (8 bytes).
    Removing system_stm32f3xx.o(.rev16_text), (4 bytes).
    Removing system_stm32f3xx.o(.revsh_text), (4 bytes).
    Removing system_stm32f3xx.o(.rrx_text), (6 bytes).
    Removing system_stm32f3xx.o(i.SystemCoreClockUpdate), (160 bytes).
    Removing system_stm32f3xx.o(.ARM.exidx), (8 bytes).
    Removing system_stm32f3xx.o(.ARM.exidx), (8 bytes).
    Removing bldc.o(.rev16_text), (4 bytes).
    Removing bldc.o(.revsh_text), (4 bytes).
    Removing bldc.o(.rrx_text), (6 bytes).
    Removing bldc.o(i._ZN4BLDC15getSpaceVecTetaEv), (6 bytes).
    Removing bldc.o(i._ZN4BLDC15setSpaceVecTetaEf), (64 bytes).
    Removing bldc.o(i._ZN4BLDC5getUsEv), (6 bytes).
    Removing bldc.o(i._ZN4BLDC5setUsEf), (60 bytes).
    Removing bldc.o(.ARM.exidx), (8 bytes).
    Removing bldc.o(.ARM.exidx), (8 bytes).
    Removing bldc.o(.ARM.exidx), (8 bytes).
    Removing bldc.o(.ARM.exidx), (8 bytes).
    Removing bldc.o(.ARM.exidx), (8 bytes).
    Removing bldc.o(.ARM.exidx), (8 bytes).
    Removing bldc.o(.ARM.exidx), (8 bytes).
    Removing bldc.o(.ARM.exidx), (8 bytes).
    Removing bldc.o(.ARM.exidx), (8 bytes).
    Removing bldc.o(.ARM.exidx), (8 bytes).
    Removing bldc.o(.ARM.exidx), (8 bytes).
    Removing bldc.o(.ARM.exidx), (8 bytes).
    Removing cdcmple.o(.text), (48 bytes).
    Removing bldc.o(.ARM.exidx), (8 bytes).
    Removing bldc.o(.ARM.exidx), (8 bytes).
    Removing bldc.o(.ARM.exidx), (8 bytes).

947 unused section(s) (total 50128 bytes) removed from the image.

==============================================================================

Image Symbol Table

    Local Symbols

    Symbol Name                              Value     Ov Type        Size  Object(Section)

    ../Core/Src/adc.c                        0x00000000   Number         0  adc.o ABSOLUTE
    ../Core/Src/dma.c                        0x00000000   Number         0  dma.o ABSOLUTE
    ../Core/Src/gpio.c                       0x00000000   Number         0  gpio.o ABSOLUTE
    ../Core/Src/main.c                       0x00000000   Number         0  main.o ABSOLUTE
    ../Core/Src/stm32f3xx_hal_msp.c          0x00000000   Number         0  stm32f3xx_hal_msp.o ABSOLUTE
    ../Core/Src/stm32f3xx_it.c               0x00000000   Number         0  stm32f3xx_it.o ABSOLUTE
    ../Core/Src/system_stm32f3xx.c           0x00000000   Number         0  system_stm32f3xx.o ABSOLUTE
    ../Core/Src/tim.c                        0x00000000   Number         0  tim.o ABSOLUTE
    ../Drivers/STM32F3xx_HAL_Driver/Src/stm32f3xx_hal.c 0x00000000   Number         0  stm32f3xx_hal.o ABSOLUTE
    ../Drivers/STM32F3xx_HAL_Driver/Src/stm32f3xx_hal_adc.c 0x00000000   Number         0  stm32f3xx_hal_adc.o ABSOLUTE
    ../Drivers/STM32F3xx_HAL_Driver/Src/stm32f3xx_hal_adc_ex.c 0x00000000   Number         0  stm32f3xx_hal_adc_ex.o ABSOLUTE
    ../Drivers/STM32F3xx_HAL_Driver/Src/stm32f3xx_hal_cortex.c 0x00000000   Number         0  stm32f3xx_hal_cortex.o ABSOLUTE
    ../Drivers/STM32F3xx_HAL_Driver/Src/stm32f3xx_hal_dma.c 0x00000000   Number         0  stm32f3xx_hal_dma.o ABSOLUTE
    ../Drivers/STM32F3xx_HAL_Driver/Src/stm32f3xx_hal_exti.c 0x00000000   Number         0  stm32f3xx_hal_exti.o ABSOLUTE
    ../Drivers/STM32F3xx_HAL_Driver/Src/stm32f3xx_hal_flash.c 0x00000000   Number         0  stm32f3xx_hal_flash.o ABSOLUTE
    ../Drivers/STM32F3xx_HAL_Driver/Src/stm32f3xx_hal_flash_ex.c 0x00000000   Number         0  stm32f3xx_hal_flash_ex.o ABSOLUTE
    ../Drivers/STM32F3xx_HAL_Driver/Src/stm32f3xx_hal_gpio.c 0x00000000   Number         0  stm32f3xx_hal_gpio.o ABSOLUTE
    ../Drivers/STM32F3xx_HAL_Driver/Src/stm32f3xx_hal_i2c.c 0x00000000   Number         0  stm32f3xx_hal_i2c.o ABSOLUTE
    ../Drivers/STM32F3xx_HAL_Driver/Src/stm32f3xx_hal_i2c_ex.c 0x00000000   Number         0  stm32f3xx_hal_i2c_ex.o ABSOLUTE
    ../Drivers/STM32F3xx_HAL_Driver/Src/stm32f3xx_hal_pwr.c 0x00000000   Number         0  stm32f3xx_hal_pwr.o ABSOLUTE
    ../Drivers/STM32F3xx_HAL_Driver/Src/stm32f3xx_hal_pwr_ex.c 0x00000000   Number         0  stm32f3xx_hal_pwr_ex.o ABSOLUTE
    ../Drivers/STM32F3xx_HAL_Driver/Src/stm32f3xx_hal_rcc.c 0x00000000   Number         0  stm32f3xx_hal_rcc.o ABSOLUTE
    ../Drivers/STM32F3xx_HAL_Driver/Src/stm32f3xx_hal_rcc_ex.c 0x00000000   Number         0  stm32f3xx_hal_rcc_ex.o ABSOLUTE
    ../Drivers/STM32F3xx_HAL_Driver/Src/stm32f3xx_hal_tim.c 0x00000000   Number         0  stm32f3xx_hal_tim.o ABSOLUTE
    ../Drivers/STM32F3xx_HAL_Driver/Src/stm32f3xx_hal_tim_ex.c 0x00000000   Number         0  stm32f3xx_hal_tim_ex.o ABSOLUTE
    ../clib/microlib/cpp/cpp_init.c          0x00000000   Number         0  cpp_init.o ABSOLUTE
    ../clib/microlib/cpp/cpp_init.c          0x00000000   Number         0  cpp_init.o ABSOLUTE
    ../clib/microlib/division.c              0x00000000   Number         0  uldiv.o ABSOLUTE
    ../clib/microlib/errno.c                 0x00000000   Number         0  errno.o ABSOLUTE
    ../clib/microlib/init/entry.s            0x00000000   Number         0  entry9a.o ABSOLUTE
    ../clib/microlib/init/entry.s            0x00000000   Number         0  entry9b.o ABSOLUTE
    ../clib/microlib/init/entry.s            0x00000000   Number         0  entry8b.o ABSOLUTE
    ../clib/microlib/init/entry.s            0x00000000   Number         0  entry2.o ABSOLUTE
    ../clib/microlib/init/entry.s            0x00000000   Number         0  entry5.o ABSOLUTE
    ../clib/microlib/init/entry.s            0x00000000   Number         0  entry7a.o ABSOLUTE
    ../clib/microlib/init/entry.s            0x00000000   Number         0  entry11b.o ABSOLUTE
    ../clib/microlib/init/entry.s            0x00000000   Number         0  entry7b.o ABSOLUTE
    ../clib/microlib/init/entry.s            0x00000000   Number         0  entry.o ABSOLUTE
    ../clib/microlib/init/entry.s            0x00000000   Number         0  entry11a.o ABSOLUTE
    ../clib/microlib/init/entry.s            0x00000000   Number         0  entry10b.o ABSOLUTE
    ../clib/microlib/init/entry.s            0x00000000   Number         0  entry8a.o ABSOLUTE
    ../clib/microlib/init/entry.s            0x00000000   Number         0  entry10a.o ABSOLUTE
    ../clib/microlib/longlong.c              0x00000000   Number         0  llushr.o ABSOLUTE
    ../clib/microlib/longlong.c              0x00000000   Number         0  llshl.o ABSOLUTE
    ../clib/microlib/string/memcpy.c         0x00000000   Number         0  memcpyb.o ABSOLUTE
    ../clib/microlib/string/memcpy.c         0x00000000   Number         0  memcpya.o ABSOLUTE
    ../clib/microlib/string/memset.c         0x00000000   Number         0  memseta.o ABSOLUTE
    ../clib/microlib/stubs.s                 0x00000000   Number         0  iusefp.o ABSOLUTE
    ../fplib/microlib/d2f.c                  0x00000000   Number         0  d2f.o ABSOLUTE
    ../fplib/microlib/f2d.c                  0x00000000   Number         0  f2d.o ABSOLUTE
    ../fplib/microlib/fpdiv.c                0x00000000   Number         0  ddiv.o ABSOLUTE
    ../fplib/microlib/fpepilogue.c           0x00000000   Number         0  depilogue.o ABSOLUTE
    ../fplib/microlib/fpepilogue.c           0x00000000   Number         0  fepilogue.o ABSOLUTE
    ../fplib/microlib/fprem.c                0x00000000   Number         0  frem.o ABSOLUTE
    ../fplib/microlib/fpsqrt.c               0x00000000   Number         0  dsqrt.o ABSOLUTE
    ../mathlib/cosf.c                        0x00000000   Number         0  cosf_x.o ABSOLUTE
    ../mathlib/cosf.c                        0x00000000   Number         0  cosf.o ABSOLUTE
    ../mathlib/fmodf.c                       0x00000000   Number         0  fmodf.o ABSOLUTE
    ../mathlib/fmodf.c                       0x00000000   Number         0  fmodf_x.o ABSOLUTE
    ../mathlib/fpclassifyf.c                 0x00000000   Number         0  fpclassifyf.o ABSOLUTE
    ../mathlib/funder.c                      0x00000000   Number         0  funder.o ABSOLUTE
    ../mathlib/rredf.c                       0x00000000   Number         0  rredf.o ABSOLUTE
    ../mathlib/sinf.c                        0x00000000   Number         0  sinf.o ABSOLUTE
    ../mathlib/sinf.c                        0x00000000   Number         0  sinf_x.o ABSOLUTE
    ../mathlib/sqrt.c                        0x00000000   Number         0  sqrt.o ABSOLUTE
    ../mathlib/sqrt.c                        0x00000000   Number         0  sqrt_x.o ABSOLUTE
    ..\Core\Src\BLDC.cpp                     0x00000000   Number         0  bldc.o ABSOLUTE
    ..\Core\Src\adc.c                        0x00000000   Number         0  adc.o ABSOLUTE
    ..\Core\Src\dma.c                        0x00000000   Number         0  dma.o ABSOLUTE
    ..\Core\Src\gpio.c                       0x00000000   Number         0  gpio.o ABSOLUTE
    ..\Core\Src\main.c                       0x00000000   Number         0  main.o ABSOLUTE
    ..\Core\Src\stm32f3xx_hal_msp.c          0x00000000   Number         0  stm32f3xx_hal_msp.o ABSOLUTE
    ..\Core\Src\stm32f3xx_it.c               0x00000000   Number         0  stm32f3xx_it.o ABSOLUTE
    ..\Core\Src\system_stm32f3xx.c           0x00000000   Number         0  system_stm32f3xx.o ABSOLUTE
    ..\Core\Src\tim.c                        0x00000000   Number         0  tim.o ABSOLUTE
    ..\Drivers\STM32F3xx_HAL_Driver\Src\stm32f3xx_hal.c 0x00000000   Number         0  stm32f3xx_hal.o ABSOLUTE
    ..\Drivers\STM32F3xx_HAL_Driver\Src\stm32f3xx_hal_adc.c 0x00000000   Number         0  stm32f3xx_hal_adc.o ABSOLUTE
    ..\Drivers\STM32F3xx_HAL_Driver\Src\stm32f3xx_hal_adc_ex.c 0x00000000   Number         0  stm32f3xx_hal_adc_ex.o ABSOLUTE
    ..\Drivers\STM32F3xx_HAL_Driver\Src\stm32f3xx_hal_cortex.c 0x00000000   Number         0  stm32f3xx_hal_cortex.o ABSOLUTE
    ..\Drivers\STM32F3xx_HAL_Driver\Src\stm32f3xx_hal_dma.c 0x00000000   Number         0  stm32f3xx_hal_dma.o ABSOLUTE
    ..\Drivers\STM32F3xx_HAL_Driver\Src\stm32f3xx_hal_exti.c 0x00000000   Number         0  stm32f3xx_hal_exti.o ABSOLUTE
    ..\Drivers\STM32F3xx_HAL_Driver\Src\stm32f3xx_hal_flash.c 0x00000000   Number         0  stm32f3xx_hal_flash.o ABSOLUTE
    ..\Drivers\STM32F3xx_HAL_Driver\Src\stm32f3xx_hal_flash_ex.c 0x00000000   Number         0  stm32f3xx_hal_flash_ex.o ABSOLUTE
    ..\Drivers\STM32F3xx_HAL_Driver\Src\stm32f3xx_hal_gpio.c 0x00000000   Number         0  stm32f3xx_hal_gpio.o ABSOLUTE
    ..\Drivers\STM32F3xx_HAL_Driver\Src\stm32f3xx_hal_i2c.c 0x00000000   Number         0  stm32f3xx_hal_i2c.o ABSOLUTE
    ..\Drivers\STM32F3xx_HAL_Driver\Src\stm32f3xx_hal_i2c_ex.c 0x00000000   Number         0  stm32f3xx_hal_i2c_ex.o ABSOLUTE
    ..\Drivers\STM32F3xx_HAL_Driver\Src\stm32f3xx_hal_pwr.c 0x00000000   Number         0  stm32f3xx_hal_pwr.o ABSOLUTE
    ..\Drivers\STM32F3xx_HAL_Driver\Src\stm32f3xx_hal_pwr_ex.c 0x00000000   Number         0  stm32f3xx_hal_pwr_ex.o ABSOLUTE
    ..\Drivers\STM32F3xx_HAL_Driver\Src\stm32f3xx_hal_rcc.c 0x00000000   Number         0  stm32f3xx_hal_rcc.o ABSOLUTE
    ..\Drivers\STM32F3xx_HAL_Driver\Src\stm32f3xx_hal_rcc_ex.c 0x00000000   Number         0  stm32f3xx_hal_rcc_ex.o ABSOLUTE
    ..\Drivers\STM32F3xx_HAL_Driver\Src\stm32f3xx_hal_tim.c 0x00000000   Number         0  stm32f3xx_hal_tim.o ABSOLUTE
    ..\Drivers\STM32F3xx_HAL_Driver\Src\stm32f3xx_hal_tim_ex.c 0x00000000   Number         0  stm32f3xx_hal_tim_ex.o ABSOLUTE
    ..\\Core\\Src\\BLDC.cpp                  0x00000000   Number         0  bldc.o ABSOLUTE
    cdcmple.s                                0x00000000   Number         0  cdcmple.o ABSOLUTE
    dc.s                                     0x00000000   Number         0  dc.o ABSOLUTE
    handlers.s                               0x00000000   Number         0  handlers.o ABSOLUTE
    init.s                                   0x00000000   Number         0  init.o ABSOLUTE
    startup_stm32f302x8.s                    0x00000000   Number         0  startup_stm32f302x8.o ABSOLUTE
    RESET                                    0x08000000   Section      392  startup_stm32f302x8.o(RESET)
    .ARM.Collect$$$$00000000                 0x08000188   Section        0  entry.o(.ARM.Collect$$$$00000000)
    .ARM.Collect$$$$00000001                 0x08000188   Section        4  entry2.o(.ARM.Collect$$$$00000001)
    .ARM.Collect$$$$00000004                 0x0800018c   Section        4  entry5.o(.ARM.Collect$$$$00000004)
    .ARM.Collect$$$$00000008                 0x08000190   Section        0  entry7b.o(.ARM.Collect$$$$00000008)
    .ARM.Collect$$$$00000009                 0x08000190   Section        4  entry8a.o(.ARM.Collect$$$$00000009)
    .ARM.Collect$$$$0000000A                 0x08000194   Section        0  entry8b.o(.ARM.Collect$$$$0000000A)
    .ARM.Collect$$$$0000000B                 0x08000194   Section        8  entry9a.o(.ARM.Collect$$$$0000000B)
    .ARM.Collect$$$$0000000D                 0x0800019c   Section        0  entry10a.o(.ARM.Collect$$$$0000000D)
    .ARM.Collect$$$$0000000F                 0x0800019c   Section        0  entry11a.o(.ARM.Collect$$$$0000000F)
    .ARM.Collect$$$$00002712                 0x0800019c   Section        4  entry2.o(.ARM.Collect$$$$00002712)
    __lit__00000000                          0x0800019c   Data           4  entry2.o(.ARM.Collect$$$$00002712)
    .text                                    0x080001a0   Section       36  startup_stm32f302x8.o(.text)
    $v0                                      0x080001a0   Number         0  startup_stm32f302x8.o(.text)
    .text                                    0x080001c4   Section        0  uldiv.o(.text)
    .text                                    0x08000226   Section        0  llushr.o(.text)
    .text                                    0x08000246   Section        0  memcpya.o(.text)
    .text                                    0x0800026a   Section        0  memseta.o(.text)
    .text                                    0x08000290   Section        0  cpp_init.o(.text)
    .text                                    0x080002b0   Section        0  ddiv.o(.text)
    .text                                    0x0800038e   Section        0  f2d.o(.text)
    .text                                    0x080003b4   Section        0  d2f.o(.text)
    .text                                    0x080003ec   Section        0  llshl.o(.text)
    .text                                    0x0800040a   Section        0  fepilogue.o(.text)
    .text                                    0x0800040a   Section        0  iusefp.o(.text)
    .text                                    0x08000478   Section        0  frem.o(.text)
    .text                                    0x080004ca   Section        0  depilogue.o(.text)
    .text                                    0x08000584   Section        0  dsqrt.o(.text)
    .text                                    0x08000628   Section       36  init.o(.text)
    i.ADC1_IRQHandler                        0x0800064c   Section        0  bldc.o(i.ADC1_IRQHandler)
    i.BusFault_Handler                       0x080008d4   Section        0  stm32f3xx_it.o(i.BusFault_Handler)
    i.DMA1_Channel1_IRQHandler               0x080008d8   Section        0  bldc.o(i.DMA1_Channel1_IRQHandler)
    i.DebugMon_Handler                       0x080008e8   Section        0  stm32f3xx_it.o(i.DebugMon_Handler)
    i.Error_Handler                          0x080008ea   Section        0  main.o(i.Error_Handler)
    i.HAL_ADCEx_InjectedConfigChannel        0x080008f0   Section        0  stm32f3xx_hal_adc_ex.o(i.HAL_ADCEx_InjectedConfigChannel)
    i.HAL_ADCEx_InjectedConvCpltCallback     0x08000d9e   Section        0  stm32f3xx_hal_adc_ex.o(i.HAL_ADCEx_InjectedConvCpltCallback)
    i.HAL_ADCEx_InjectedGetValue             0x08000da0   Section        0  stm32f3xx_hal_adc_ex.o(i.HAL_ADCEx_InjectedGetValue)
    i.HAL_ADCEx_InjectedQueueOverflowCallback 0x08000dda   Section        0  stm32f3xx_hal_adc_ex.o(i.HAL_ADCEx_InjectedQueueOverflowCallback)
    i.HAL_ADCEx_InjectedStart_IT             0x08000ddc   Section        0  stm32f3xx_hal_adc_ex.o(i.HAL_ADCEx_InjectedStart_IT)
    i.HAL_ADCEx_LevelOutOfWindow2Callback    0x08000eb2   Section        0  stm32f3xx_hal_adc_ex.o(i.HAL_ADCEx_LevelOutOfWindow2Callback)
    i.HAL_ADCEx_LevelOutOfWindow3Callback    0x08000eb4   Section        0  stm32f3xx_hal_adc_ex.o(i.HAL_ADCEx_LevelOutOfWindow3Callback)
    i.HAL_ADC_ConfigChannel                  0x08000eb8   Section        0  stm32f3xx_hal_adc_ex.o(i.HAL_ADC_ConfigChannel)
    i.HAL_ADC_ConvCpltCallback               0x080012bc   Section        0  stm32f3xx_hal_adc.o(i.HAL_ADC_ConvCpltCallback)
    i.HAL_ADC_ConvHalfCpltCallback           0x080012be   Section        0  stm32f3xx_hal_adc.o(i.HAL_ADC_ConvHalfCpltCallback)
    i.HAL_ADC_ErrorCallback                  0x080012c0   Section        0  stm32f3xx_hal_adc.o(i.HAL_ADC_ErrorCallback)
    i.HAL_ADC_IRQHandler                     0x080012c4   Section        0  stm32f3xx_hal_adc_ex.o(i.HAL_ADC_IRQHandler)
    i.HAL_ADC_Init                           0x08001574   Section        0  stm32f3xx_hal_adc_ex.o(i.HAL_ADC_Init)
    i.HAL_ADC_LevelOutOfWindowCallback       0x080017b8   Section        0  stm32f3xx_hal_adc.o(i.HAL_ADC_LevelOutOfWindowCallback)
    i.HAL_ADC_MspInit                        0x080017bc   Section        0  adc.o(i.HAL_ADC_MspInit)
    i.HAL_ADC_Start_DMA                      0x080018a8   Section        0  stm32f3xx_hal_adc_ex.o(i.HAL_ADC_Start_DMA)
    i.HAL_DMA_IRQHandler                     0x080019a0   Section        0  stm32f3xx_hal_dma.o(i.HAL_DMA_IRQHandler)
    i.HAL_DMA_Init                           0x08001a86   Section        0  stm32f3xx_hal_dma.o(i.HAL_DMA_Init)
    i.HAL_DMA_Start_IT                       0x08001adc   Section        0  stm32f3xx_hal_dma.o(i.HAL_DMA_Start_IT)
    i.HAL_GPIO_Init                          0x08001b78   Section        0  stm32f3xx_hal_gpio.o(i.HAL_GPIO_Init)
    i.HAL_GPIO_ReadPin                       0x08001d34   Section        0  stm32f3xx_hal_gpio.o(i.HAL_GPIO_ReadPin)
    i.HAL_GPIO_WritePin                      0x08001d44   Section        0  stm32f3xx_hal_gpio.o(i.HAL_GPIO_WritePin)
    i.HAL_GetTick                            0x08001d50   Section        0  stm32f3xx_hal.o(i.HAL_GetTick)
    i.HAL_IncTick                            0x08001d5c   Section        0  stm32f3xx_hal.o(i.HAL_IncTick)
    i.HAL_Init                               0x08001d74   Section        0  stm32f3xx_hal.o(i.HAL_Init)
    i.HAL_InitTick                           0x08001d9c   Section        0  stm32f3xx_hal.o(i.HAL_InitTick)
    i.HAL_MspInit                            0x08001de8   Section        0  stm32f3xx_hal_msp.o(i.HAL_MspInit)
    i.HAL_NVIC_EnableIRQ                     0x08001e28   Section        0  stm32f3xx_hal_cortex.o(i.HAL_NVIC_EnableIRQ)
    i.HAL_NVIC_SetPriority                   0x08001e48   Section        0  stm32f3xx_hal_cortex.o(i.HAL_NVIC_SetPriority)
    i.HAL_NVIC_SetPriorityGrouping           0x08001ec4   Section        0  stm32f3xx_hal_cortex.o(i.HAL_NVIC_SetPriorityGrouping)
    i.HAL_RCCEx_PeriphCLKConfig              0x08001eec   Section        0  stm32f3xx_hal_rcc_ex.o(i.HAL_RCCEx_PeriphCLKConfig)
    i.HAL_RCC_ClockConfig                    0x080021a0   Section        0  stm32f3xx_hal_rcc.o(i.HAL_RCC_ClockConfig)
    i.HAL_RCC_GetSysClockFreq                0x0800244c   Section        0  stm32f3xx_hal_rcc.o(i.HAL_RCC_GetSysClockFreq)
    i.HAL_RCC_OscConfig                      0x080024ec   Section        0  stm32f3xx_hal_rcc.o(i.HAL_RCC_OscConfig)
    i.HAL_SYSTICK_Config                     0x08002f10   Section        0  stm32f3xx_hal_cortex.o(i.HAL_SYSTICK_Config)
    i.HAL_TIMEx_Break2Callback               0x08002f44   Section        0  stm32f3xx_hal_tim_ex.o(i.HAL_TIMEx_Break2Callback)
    i.HAL_TIMEx_BreakCallback                0x08002f46   Section        0  stm32f3xx_hal_tim_ex.o(i.HAL_TIMEx_BreakCallback)
    i.HAL_TIMEx_CommutCallback               0x08002f48   Section        0  stm32f3xx_hal_tim_ex.o(i.HAL_TIMEx_CommutCallback)
    i.HAL_TIMEx_ConfigBreakDeadTime          0x08002f4c   Section        0  stm32f3xx_hal_tim_ex.o(i.HAL_TIMEx_ConfigBreakDeadTime)
    i.HAL_TIMEx_ConfigCommutEvent_IT         0x08002ff4   Section        0  stm32f3xx_hal_tim_ex.o(i.HAL_TIMEx_ConfigCommutEvent_IT)
    i.HAL_TIMEx_HallSensor_Init              0x0800307c   Section        0  stm32f3xx_hal_tim_ex.o(i.HAL_TIMEx_HallSensor_Init)
    i.HAL_TIMEx_HallSensor_MspInit           0x0800316c   Section        0  stm32f3xx_hal_tim_ex.o(i.HAL_TIMEx_HallSensor_MspInit)
    i.HAL_TIMEx_HallSensor_Start_IT          0x08003170   Section        0  stm32f3xx_hal_tim_ex.o(i.HAL_TIMEx_HallSensor_Start_IT)
    i.HAL_TIMEx_MasterConfigSynchronization  0x08003224   Section        0  stm32f3xx_hal_tim_ex.o(i.HAL_TIMEx_MasterConfigSynchronization)
    i.HAL_TIM_Base_Init                      0x080032ac   Section        0  stm32f3xx_hal_tim.o(i.HAL_TIM_Base_Init)
    i.HAL_TIM_Base_MspInit                   0x0800331c   Section        0  tim.o(i.HAL_TIM_Base_MspInit)
    i.HAL_TIM_ConfigClockSource              0x08003448   Section        0  stm32f3xx_hal_tim.o(i.HAL_TIM_ConfigClockSource)
    i.HAL_TIM_IC_CaptureCallback             0x08003554   Section        0  stm32f3xx_hal_tim.o(i.HAL_TIM_IC_CaptureCallback)
    i.HAL_TIM_IRQHandler                     0x08003556   Section        0  stm32f3xx_hal_tim.o(i.HAL_TIM_IRQHandler)
    i.HAL_TIM_MspPostInit                    0x08003710   Section        0  tim.o(i.HAL_TIM_MspPostInit)
    i.HAL_TIM_OC_DelayElapsedCallback        0x0800376c   Section        0  stm32f3xx_hal_tim.o(i.HAL_TIM_OC_DelayElapsedCallback)
    i.HAL_TIM_PWM_ConfigChannel              0x0800376e   Section        0  stm32f3xx_hal_tim.o(i.HAL_TIM_PWM_ConfigChannel)
    i.HAL_TIM_PWM_Init                       0x080038d6   Section        0  stm32f3xx_hal_tim.o(i.HAL_TIM_PWM_Init)
    i.HAL_TIM_PWM_MspInit                    0x08003944   Section        0  stm32f3xx_hal_tim.o(i.HAL_TIM_PWM_MspInit)
    i.HAL_TIM_PWM_PulseFinishedCallback      0x08003946   Section        0  stm32f3xx_hal_tim.o(i.HAL_TIM_PWM_PulseFinishedCallback)
    i.HAL_TIM_PWM_Start                      0x08003948   Section        0  stm32f3xx_hal_tim.o(i.HAL_TIM_PWM_Start)
    i.HAL_TIM_PeriodElapsedCallback          0x08003a68   Section        0  stm32f3xx_hal_tim.o(i.HAL_TIM_PeriodElapsedCallback)
    i.HAL_TIM_SlaveConfigSynchro             0x08003a6a   Section        0  stm32f3xx_hal_tim.o(i.HAL_TIM_SlaveConfigSynchro)
    i.HAL_TIM_TriggerCallback                0x08003ad6   Section        0  stm32f3xx_hal_tim.o(i.HAL_TIM_TriggerCallback)
    i.HardFault_Handler                      0x08003ad8   Section        0  stm32f3xx_it.o(i.HardFault_Handler)
    i.MX_ADC1_Init                           0x08003adc   Section        0  adc.o(i.MX_ADC1_Init)
    i.MX_DMA_Init                            0x08003be4   Section        0  dma.o(i.MX_DMA_Init)
    i.MX_GPIO_Init                           0x08003c18   Section        0  gpio.o(i.MX_GPIO_Init)
    i.MX_TIM1_Init                           0x08003cc0   Section        0  tim.o(i.MX_TIM1_Init)
    i.MX_TIM2_Init                           0x08003df8   Section        0  tim.o(i.MX_TIM2_Init)
    i.MemManage_Handler                      0x08003e88   Section        0  stm32f3xx_it.o(i.MemManage_Handler)
    i.NMI_Handler                            0x08003e8c   Section        0  stm32f3xx_it.o(i.NMI_Handler)
    i.PendSV_Handler                         0x08003e90   Section        0  stm32f3xx_it.o(i.PendSV_Handler)
    i.SVC_Handler                            0x08003e92   Section        0  stm32f3xx_it.o(i.SVC_Handler)
    i.SysTick_Handler                        0x08003e94   Section        0  stm32f3xx_it.o(i.SysTick_Handler)
    i.SystemInit                             0x08003e9c   Section        0  system_stm32f3xx.o(i.SystemInit)
    i.TIM1_UP_TIM16_IRQHandler               0x08003eb0   Section        0  stm32f3xx_it.o(i.TIM1_UP_TIM16_IRQHandler)
    i.TIM2_IRQHandler                        0x08003ec0   Section        0  bldc.o(i.TIM2_IRQHandler)
    i.TIM_Base_SetConfig                     0x08003ef8   Section        0  stm32f3xx_hal_tim.o(i.TIM_Base_SetConfig)
    i.TIM_CCxChannelCmd                      0x08003f7c   Section        0  stm32f3xx_hal_tim.o(i.TIM_CCxChannelCmd)
    i.TIM_ETR_SetConfig                      0x08003f9e   Section        0  stm32f3xx_hal_tim.o(i.TIM_ETR_SetConfig)
    i.TIM_OC2_SetConfig                      0x08003fb4   Section        0  stm32f3xx_hal_tim.o(i.TIM_OC2_SetConfig)
    i.TIM_TI1_SetConfig                      0x08004058   Section        0  stm32f3xx_hal_tim.o(i.TIM_TI1_SetConfig)
    i.UsageFault_Handler                     0x080040b4   Section        0  stm32f3xx_it.o(i.UsageFault_Handler)
    i._Z18SystemClock_Configv                0x080040b8   Section        0  main.o(i._Z18SystemClock_Configv)
    i._ZN2qdC1Ev                             0x08004144   Section        0  bldc.o(i._ZN2qdC1Ev)
    i._ZN41_INTERNAL_19_stm32f3xx_hal_dma_c_c25f65ec13DMA_SetConfigEP19__DMA_HandleTypeDefjjj 0x080041ac   Section        0  stm32f3xx_hal_dma.o(i._ZN41_INTERNAL_19_stm32f3xx_hal_dma_c_c25f65ec13DMA_SetConfigEP19__DMA_HandleTypeDefjjj)
    [local to stm32f3xx_hal_dma_c]::DMA_SetConfig(__DMA_HandleTypeDef*, unsigned, unsigned, unsigned) 0x080041ad   Thumb Code    44  stm32f3xx_hal_dma.o(i._ZN41_INTERNAL_19_stm32f3xx_hal_dma_c_c25f65ec13DMA_SetConfigEP19__DMA_HandleTypeDefjjj)
    i._ZN41_INTERNAL_19_stm32f3xx_hal_dma_c_c25f65ec23DMA_CalcBaseAndBitshiftEP19__DMA_HandleTypeDef 0x080041d8   Section        0  stm32f3xx_hal_dma.o(i._ZN41_INTERNAL_19_stm32f3xx_hal_dma_c_c25f65ec23DMA_CalcBaseAndBitshiftEP19__DMA_HandleTypeDef)
    [local to stm32f3xx_hal_dma_c]::DMA_CalcBaseAndBitshift(__DMA_HandleTypeDef*) 0x080041d9   Thumb Code    24  stm32f3xx_hal_dma.o(i._ZN41_INTERNAL_19_stm32f3xx_hal_dma_c_c25f65ec23DMA_CalcBaseAndBitshiftEP19__DMA_HandleTypeDef)
    i._ZN41_INTERNAL_19_stm32f3xx_hal_tim_c_a9d95b5217TIM_OC1_SetConfigEP11TIM_TypeDefP18TIM_OC_InitTypeDef 0x080041f4   Section        0  stm32f3xx_hal_tim.o(i._ZN41_INTERNAL_19_stm32f3xx_hal_tim_c_a9d95b5217TIM_OC1_SetConfigEP11TIM_TypeDefP18TIM_OC_InitTypeDef)
    [local to stm32f3xx_hal_tim_c]::TIM_OC1_SetConfig(TIM_TypeDef*, TIM_OC_InitTypeDef*) 0x080041f5   Thumb Code   132  stm32f3xx_hal_tim.o(i._ZN41_INTERNAL_19_stm32f3xx_hal_tim_c_a9d95b5217TIM_OC1_SetConfigEP11TIM_TypeDefP18TIM_OC_InitTypeDef)
    i._ZN41_INTERNAL_19_stm32f3xx_hal_tim_c_a9d95b5217TIM_OC3_SetConfigEP11TIM_TypeDefP18TIM_OC_InitTypeDef 0x0800428c   Section        0  stm32f3xx_hal_tim.o(i._ZN41_INTERNAL_19_stm32f3xx_hal_tim_c_a9d95b5217TIM_OC3_SetConfigEP11TIM_TypeDefP18TIM_OC_InitTypeDef)
    [local to stm32f3xx_hal_tim_c]::TIM_OC3_SetConfig(TIM_TypeDef*, TIM_OC_InitTypeDef*) 0x0800428d   Thumb Code   140  stm32f3xx_hal_tim.o(i._ZN41_INTERNAL_19_stm32f3xx_hal_tim_c_a9d95b5217TIM_OC3_SetConfigEP11TIM_TypeDefP18TIM_OC_InitTypeDef)
    i._ZN41_INTERNAL_19_stm32f3xx_hal_tim_c_a9d95b5217TIM_OC4_SetConfigEP11TIM_TypeDefP18TIM_OC_InitTypeDef 0x0800432c   Section        0  stm32f3xx_hal_tim.o(i._ZN41_INTERNAL_19_stm32f3xx_hal_tim_c_a9d95b5217TIM_OC4_SetConfigEP11TIM_TypeDefP18TIM_OC_InitTypeDef)
    [local to stm32f3xx_hal_tim_c]::TIM_OC4_SetConfig(TIM_TypeDef*, TIM_OC_InitTypeDef*) 0x0800432d   Thumb Code    86  stm32f3xx_hal_tim.o(i._ZN41_INTERNAL_19_stm32f3xx_hal_tim_c_a9d95b5217TIM_OC4_SetConfigEP11TIM_TypeDefP18TIM_OC_InitTypeDef)
    i._ZN41_INTERNAL_19_stm32f3xx_hal_tim_c_a9d95b5217TIM_OC5_SetConfigEP11TIM_TypeDefP18TIM_OC_InitTypeDef 0x08004398   Section        0  stm32f3xx_hal_tim.o(i._ZN41_INTERNAL_19_stm32f3xx_hal_tim_c_a9d95b5217TIM_OC5_SetConfigEP11TIM_TypeDefP18TIM_OC_InitTypeDef)
    [local to stm32f3xx_hal_tim_c]::TIM_OC5_SetConfig(TIM_TypeDef*, TIM_OC_InitTypeDef*) 0x08004399   Thumb Code    80  stm32f3xx_hal_tim.o(i._ZN41_INTERNAL_19_stm32f3xx_hal_tim_c_a9d95b5217TIM_OC5_SetConfigEP11TIM_TypeDefP18TIM_OC_InitTypeDef)
    i._ZN41_INTERNAL_19_stm32f3xx_hal_tim_c_a9d95b5217TIM_OC6_SetConfigEP11TIM_TypeDefP18TIM_OC_InitTypeDef 0x080043fc   Section        0  stm32f3xx_hal_tim.o(i._ZN41_INTERNAL_19_stm32f3xx_hal_tim_c_a9d95b5217TIM_OC6_SetConfigEP11TIM_TypeDefP18TIM_OC_InitTypeDef)
    [local to stm32f3xx_hal_tim_c]::TIM_OC6_SetConfig(TIM_TypeDef*, TIM_OC_InitTypeDef*) 0x080043fd   Thumb Code    82  stm32f3xx_hal_tim.o(i._ZN41_INTERNAL_19_stm32f3xx_hal_tim_c_a9d95b5217TIM_OC6_SetConfigEP11TIM_TypeDefP18TIM_OC_InitTypeDef)
    i._ZN41_INTERNAL_19_stm32f3xx_hal_tim_c_a9d95b5218TIM_ITRx_SetConfigEP11TIM_TypeDefj 0x08004464   Section        0  stm32f3xx_hal_tim.o(i._ZN41_INTERNAL_19_stm32f3xx_hal_tim_c_a9d95b5218TIM_ITRx_SetConfigEP11TIM_TypeDefj)
    [local to stm32f3xx_hal_tim_c]::TIM_ITRx_SetConfig(TIM_TypeDef*, unsigned) 0x08004465   Thumb Code    18  stm32f3xx_hal_tim.o(i._ZN41_INTERNAL_19_stm32f3xx_hal_tim_c_a9d95b5218TIM_ITRx_SetConfigEP11TIM_TypeDefj)
    i._ZN41_INTERNAL_19_stm32f3xx_hal_tim_c_a9d95b5224TIM_SlaveTimer_SetConfigEP17TIM_HandleTypeDefP22TIM_SlaveConfigTypeDef 0x08004478   Section        0  stm32f3xx_hal_tim.o(i._ZN41_INTERNAL_19_stm32f3xx_hal_tim_c_a9d95b5224TIM_SlaveTimer_SetConfigEP17TIM_HandleTypeDefP22TIM_SlaveConfigTypeDef)
    [local to stm32f3xx_hal_tim_c]::TIM_SlaveTimer_SetConfig(TIM_HandleTypeDef*, TIM_SlaveConfigTypeDef*) 0x08004479   Thumb Code   170  stm32f3xx_hal_tim.o(i._ZN41_INTERNAL_19_stm32f3xx_hal_tim_c_a9d95b5224TIM_SlaveTimer_SetConfigEP17TIM_HandleTypeDefP22TIM_SlaveConfigTypeDef)
    i._ZN41_INTERNAL_19_stm32f3xx_hal_tim_c_a9d95b5224TIM_TI1_ConfigInputStageEP11TIM_TypeDefjj 0x08004528   Section        0  stm32f3xx_hal_tim.o(i._ZN41_INTERNAL_19_stm32f3xx_hal_tim_c_a9d95b5224TIM_TI1_ConfigInputStageEP11TIM_TypeDefjj)
    [local to stm32f3xx_hal_tim_c]::TIM_TI1_ConfigInputStage(TIM_TypeDef*, unsigned, unsigned) 0x08004529   Thumb Code    38  stm32f3xx_hal_tim.o(i._ZN41_INTERNAL_19_stm32f3xx_hal_tim_c_a9d95b5224TIM_TI1_ConfigInputStageEP11TIM_TypeDefjj)
    i._ZN41_INTERNAL_19_stm32f3xx_hal_tim_c_a9d95b5224TIM_TI2_ConfigInputStageEP11TIM_TypeDefjj 0x0800454e   Section        0  stm32f3xx_hal_tim.o(i._ZN41_INTERNAL_19_stm32f3xx_hal_tim_c_a9d95b5224TIM_TI2_ConfigInputStageEP11TIM_TypeDefjj)
    [local to stm32f3xx_hal_tim_c]::TIM_TI2_ConfigInputStage(TIM_TypeDef*, unsigned, unsigned) 0x0800454f   Thumb Code    40  stm32f3xx_hal_tim.o(i._ZN41_INTERNAL_19_stm32f3xx_hal_tim_c_a9d95b5224TIM_TI2_ConfigInputStageEP11TIM_TypeDefjj)
    i._ZN44_INTERNAL_22_stm32f3xx_hal_adc_ex_c_52ef8f5010ADC_EnableEP19__ADC_HandleTypeDef 0x08004578   Section        0  stm32f3xx_hal_adc_ex.o(i._ZN44_INTERNAL_22_stm32f3xx_hal_adc_ex_c_52ef8f5010ADC_EnableEP19__ADC_HandleTypeDef)
    [local to stm32f3xx_hal_adc_ex_c]::ADC_Enable(__ADC_HandleTypeDef*) 0x08004579   Thumb Code   140  stm32f3xx_hal_adc_ex.o(i._ZN44_INTERNAL_22_stm32f3xx_hal_adc_ex_c_52ef8f5010ADC_EnableEP19__ADC_HandleTypeDef)
    i._ZN44_INTERNAL_22_stm32f3xx_hal_adc_ex_c_52ef8f5011ADC_DisableEP19__ADC_HandleTypeDef 0x08004608   Section        0  stm32f3xx_hal_adc_ex.o(i._ZN44_INTERNAL_22_stm32f3xx_hal_adc_ex_c_52ef8f5011ADC_DisableEP19__ADC_HandleTypeDef)
    [local to stm32f3xx_hal_adc_ex_c]::ADC_Disable(__ADC_HandleTypeDef*) 0x08004609   Thumb Code   152  stm32f3xx_hal_adc_ex.o(i._ZN44_INTERNAL_22_stm32f3xx_hal_adc_ex_c_52ef8f5011ADC_DisableEP19__ADC_HandleTypeDef)
    i._ZN44_INTERNAL_22_stm32f3xx_hal_adc_ex_c_52ef8f5012ADC_DMAErrorEP19__DMA_HandleTypeDef 0x080046a0   Section        0  stm32f3xx_hal_adc_ex.o(i._ZN44_INTERNAL_22_stm32f3xx_hal_adc_ex_c_52ef8f5012ADC_DMAErrorEP19__DMA_HandleTypeDef)
    [local to stm32f3xx_hal_adc_ex_c]::ADC_DMAError(__DMA_HandleTypeDef*) 0x080046a1   Thumb Code    30  stm32f3xx_hal_adc_ex.o(i._ZN44_INTERNAL_22_stm32f3xx_hal_adc_ex_c_52ef8f5012ADC_DMAErrorEP19__DMA_HandleTypeDef)
    i._ZN44_INTERNAL_22_stm32f3xx_hal_adc_ex_c_52ef8f5015ADC_DMAConvCpltEP19__DMA_HandleTypeDef 0x080046be   Section        0  stm32f3xx_hal_adc_ex.o(i._ZN44_INTERNAL_22_stm32f3xx_hal_adc_ex_c_52ef8f5015ADC_DMAConvCpltEP19__DMA_HandleTypeDef)
    [local to stm32f3xx_hal_adc_ex_c]::ADC_DMAConvCplt(__DMA_HandleTypeDef*) 0x080046bf   Thumb Code    78  stm32f3xx_hal_adc_ex.o(i._ZN44_INTERNAL_22_stm32f3xx_hal_adc_ex_c_52ef8f5015ADC_DMAConvCpltEP19__DMA_HandleTypeDef)
    i._ZN44_INTERNAL_22_stm32f3xx_hal_adc_ex_c_52ef8f5019ADC_DMAHalfConvCpltEP19__DMA_HandleTypeDef 0x0800470c   Section        0  stm32f3xx_hal_adc_ex.o(i._ZN44_INTERNAL_22_stm32f3xx_hal_adc_ex_c_52ef8f5019ADC_DMAHalfConvCpltEP19__DMA_HandleTypeDef)
    [local to stm32f3xx_hal_adc_ex_c]::ADC_DMAHalfConvCplt(__DMA_HandleTypeDef*) 0x0800470d   Thumb Code    14  stm32f3xx_hal_adc_ex.o(i._ZN44_INTERNAL_22_stm32f3xx_hal_adc_ex_c_52ef8f5019ADC_DMAHalfConvCpltEP19__DMA_HandleTypeDef)
    i._ZN44_INTERNAL_22_stm32f3xx_hal_cortex_c_2992dbc018__NVIC_SetPriorityE9IRQn_Typej 0x0800471c   Section        0  stm32f3xx_hal_cortex.o(i._ZN44_INTERNAL_22_stm32f3xx_hal_cortex_c_2992dbc018__NVIC_SetPriorityE9IRQn_Typej)
    [local to stm32f3xx_hal_cortex_c]::__NVIC_SetPriority(IRQn_Type, unsigned) 0x0800471d   Thumb Code    32  stm32f3xx_hal_cortex.o(i._ZN44_INTERNAL_22_stm32f3xx_hal_cortex_c_2992dbc018__NVIC_SetPriorityE9IRQn_Typej)
    i._ZN44_INTERNAL_22_stm32f3xx_hal_cortex_c_2992dbc026__NVIC_GetPriorityGroupingEv 0x08004744   Section        0  stm32f3xx_hal_cortex.o(i._ZN44_INTERNAL_22_stm32f3xx_hal_cortex_c_2992dbc026__NVIC_GetPriorityGroupingEv)
    [local to stm32f3xx_hal_cortex_c]::__NVIC_GetPriorityGrouping() 0x08004745   Thumb Code    10  stm32f3xx_hal_cortex.o(i._ZN44_INTERNAL_22_stm32f3xx_hal_cortex_c_2992dbc026__NVIC_GetPriorityGroupingEv)
    i._ZN4BLDC5SVPWMEv                       0x08004754   Section        0  bldc.o(i._ZN4BLDC5SVPWMEv)
    i._ZN4BLDC7SVPWM_2Ev                     0x08004c38   Section        0  bldc.o(i._ZN4BLDC7SVPWM_2Ev)
    i._ZN4BLDC8FOC_TaskEv                    0x08005164   Section        0  bldc.o(i._ZN4BLDC8FOC_TaskEv)
    i._ZN4BLDC8PID_stepE3PID                 0x0800534c   Section        0  bldc.o(i._ZN4BLDC8PID_stepE3PID)
    i._ZN4BLDCC1Ev                           0x0800536c   Section        0  bldc.o(i._ZN4BLDCC1Ev)
    i._ZSt3cosf                              0x080053c0   Section        0  bldc.o(i._ZSt3cosf)
    i._ZSt3sinf                              0x080053d8   Section        0  bldc.o(i._ZSt3sinf)
    i.__ARM_fpclassifyf                      0x080053f0   Section        0  fpclassifyf.o(i.__ARM_fpclassifyf)
    i.__hardfp_cosf                          0x08005418   Section        0  cosf.o(i.__hardfp_cosf)
    i.__hardfp_fmodf                         0x08005568   Section        0  fmodf.o(i.__hardfp_fmodf)
    i.__hardfp_sinf                          0x08005618   Section        0  sinf.o(i.__hardfp_sinf)
    i.__hardfp_sqrt                          0x080057a8   Section        0  sqrt.o(i.__hardfp_sqrt)
    i.__mathlib_flt_infnan                   0x08005822   Section        0  funder.o(i.__mathlib_flt_infnan)
    i.__mathlib_flt_invalid                  0x08005828   Section        0  funder.o(i.__mathlib_flt_invalid)
    i.__mathlib_flt_underflow                0x08005838   Section        0  funder.o(i.__mathlib_flt_underflow)
    i.__mathlib_rredf2                       0x08005848   Section        0  rredf.o(i.__mathlib_rredf2)
    i.__scatterload_copy                     0x0800599c   Section       14  handlers.o(i.__scatterload_copy)
    i.__scatterload_null                     0x080059aa   Section        2  handlers.o(i.__scatterload_null)
    i.__scatterload_zeroinit                 0x080059ac   Section       14  handlers.o(i.__scatterload_zeroinit)
    i.__set_errno                            0x080059bc   Section        0  errno.o(i.__set_errno)
    i.__sti___6_main_c_3999b5b4              0x080059c8   Section        0  main.o(i.__sti___6_main_c_3999b5b4)
    __sti___6_main_c_3999b5b4                0x080059c9   Thumb Code    10  main.o(i.__sti___6_main_c_3999b5b4)
    i.main                                   0x080059d8   Section        0  main.o(i.main)
    .constdata                               0x08005acc   Section       32  stm32f3xx_hal_rcc.o(.constdata)
    aPLLMULFactorTable                       0x08005acc   Data          16  stm32f3xx_hal_rcc.o(.constdata)
    aPredivFactorTable                       0x08005adc   Data          16  stm32f3xx_hal_rcc.o(.constdata)
    .constdata                               0x08005aec   Section       24  system_stm32f3xx.o(.constdata)
    .constdata                               0x08005b04   Section       32  rredf.o(.constdata)
    twooverpi                                0x08005b04   Data          32  rredf.o(.constdata)
    .init_array                              0x08005b44   Section        4  main.o(.init_array)
    .init_array                              0x08005b48   Section        0  cpp_init.o(.init_array)
    .data                                    0x20000000   Section       20  main.o(.data)
    .data                                    0x20000014   Section        9  stm32f3xx_hal.o(.data)
    .data                                    0x20000020   Section        4  system_stm32f3xx.o(.data)
    .data                                    0x20000024   Section       34  bldc.o(.data)
    ADC1_IRQHandler::offsetAdcTuneIndx       0x20000045   Data           1  bldc.o(.data)
    .data                                    0x20000048   Section        4  errno.o(.data)
    _errno                                   0x20000048   Data           4  errno.o(.data)
    .bss                                     0x2000004c   Section      328  main.o(.bss)
    .bss                                     0x20000194   Section      148  adc.o(.bss)
    .bss                                     0x20000228   Section      152  tim.o(.bss)
    STACK                                    0x200002c0   Section     1024  startup_stm32f302x8.o(STACK)

    Global Symbols

    Symbol Name                              Value     Ov Type        Size  Object(Section)

    BuildAttributes$$THM_ISAv4$E$P$D$K$B$S$7EM$VFPi3$EXTD16$VFPS$VFMA$PE$A:L22UL41UL21$X:L11$S22US41US21$IEEE1$IW$USESV6$~STKCKD$USESV7$~SHL$OTIME$ROPI$IEEEX$EBA8$MICROLIB$REQ8$PRES8$EABIv2 0x00000000   Number         0  anon$$obj.o ABSOLUTE
    __ARM_use_no_argv                        0x00000000   Number         0  main.o ABSOLUTE
    __cxa_finalize                            - Undefined Weak Reference
    __decompress                              - Undefined Weak Reference
    _clock_init                               - Undefined Weak Reference
    _microlib_exit                            - Undefined Weak Reference
    __Vectors_Size                           0x00000188   Number         0  startup_stm32f302x8.o ABSOLUTE
    __Vectors                                0x08000000   Data           4  startup_stm32f302x8.o(RESET)
    __Vectors_End                            0x08000188   Data           0  startup_stm32f302x8.o(RESET)
    __main                                   0x08000189   Thumb Code     0  entry.o(.ARM.Collect$$$$00000000)
    _main_stk                                0x08000189   Thumb Code     0  entry2.o(.ARM.Collect$$$$00000001)
    _main_scatterload                        0x0800018d   Thumb Code     0  entry5.o(.ARM.Collect$$$$00000004)
    __main_after_scatterload                 0x08000191   Thumb Code     0  entry5.o(.ARM.Collect$$$$00000004)
    _main_clock                              0x08000191   Thumb Code     0  entry7b.o(.ARM.Collect$$$$00000008)
    _main_cpp_init$empty                     0x08000191   Thumb Code     0  entry8a.o(.ARM.Collect$$$$00000009)
    _main_cpp_init                           0x08000195   Thumb Code     0  entry8b.o(.ARM.Collect$$$$0000000A)
    _main_init                               0x08000195   Thumb Code     0  entry9a.o(.ARM.Collect$$$$0000000B)
    __rt_final_cpp                           0x0800019d   Thumb Code     0  entry10a.o(.ARM.Collect$$$$0000000D)
    __rt_final_exit                          0x0800019d   Thumb Code     0  entry11a.o(.ARM.Collect$$$$0000000F)
    Reset_Handler                            0x080001a1   Thumb Code     8  startup_stm32f302x8.o(.text)
    CAN_RX1_IRQHandler                       0x080001bb   Thumb Code     0  startup_stm32f302x8.o(.text)
    CAN_SCE_IRQHandler                       0x080001bb   Thumb Code     0  startup_stm32f302x8.o(.text)
    COMP2_IRQHandler                         0x080001bb   Thumb Code     0  startup_stm32f302x8.o(.text)
    COMP4_6_IRQHandler                       0x080001bb   Thumb Code     0  startup_stm32f302x8.o(.text)
    DMA1_Channel2_IRQHandler                 0x080001bb   Thumb Code     0  startup_stm32f302x8.o(.text)
    DMA1_Channel3_IRQHandler                 0x080001bb   Thumb Code     0  startup_stm32f302x8.o(.text)
    DMA1_Channel4_IRQHandler                 0x080001bb   Thumb Code     0  startup_stm32f302x8.o(.text)
    DMA1_Channel5_IRQHandler                 0x080001bb   Thumb Code     0  startup_stm32f302x8.o(.text)
    DMA1_Channel6_IRQHandler                 0x080001bb   Thumb Code     0  startup_stm32f302x8.o(.text)
    DMA1_Channel7_IRQHandler                 0x080001bb   Thumb Code     0  startup_stm32f302x8.o(.text)
    EXTI0_IRQHandler                         0x080001bb   Thumb Code     0  startup_stm32f302x8.o(.text)
    EXTI15_10_IRQHandler                     0x080001bb   Thumb Code     0  startup_stm32f302x8.o(.text)
    EXTI1_IRQHandler                         0x080001bb   Thumb Code     0  startup_stm32f302x8.o(.text)
    EXTI2_TSC_IRQHandler                     0x080001bb   Thumb Code     0  startup_stm32f302x8.o(.text)
    EXTI3_IRQHandler                         0x080001bb   Thumb Code     0  startup_stm32f302x8.o(.text)
    EXTI4_IRQHandler                         0x080001bb   Thumb Code     0  startup_stm32f302x8.o(.text)
    EXTI9_5_IRQHandler                       0x080001bb   Thumb Code     0  startup_stm32f302x8.o(.text)
    FLASH_IRQHandler                         0x080001bb   Thumb Code     0  startup_stm32f302x8.o(.text)
    FPU_IRQHandler                           0x080001bb   Thumb Code     0  startup_stm32f302x8.o(.text)
    I2C1_ER_IRQHandler                       0x080001bb   Thumb Code     0  startup_stm32f302x8.o(.text)
    I2C1_EV_IRQHandler                       0x080001bb   Thumb Code     0  startup_stm32f302x8.o(.text)
    I2C2_ER_IRQHandler                       0x080001bb   Thumb Code     0  startup_stm32f302x8.o(.text)
    I2C2_EV_IRQHandler                       0x080001bb   Thumb Code     0  startup_stm32f302x8.o(.text)
    I2C3_ER_IRQHandler                       0x080001bb   Thumb Code     0  startup_stm32f302x8.o(.text)
    I2C3_EV_IRQHandler                       0x080001bb   Thumb Code     0  startup_stm32f302x8.o(.text)
    PVD_IRQHandler                           0x080001bb   Thumb Code     0  startup_stm32f302x8.o(.text)
    RCC_IRQHandler                           0x080001bb   Thumb Code     0  startup_stm32f302x8.o(.text)
    RTC_Alarm_IRQHandler                     0x080001bb   Thumb Code     0  startup_stm32f302x8.o(.text)
    RTC_WKUP_IRQHandler                      0x080001bb   Thumb Code     0  startup_stm32f302x8.o(.text)
    SPI2_IRQHandler                          0x080001bb   Thumb Code     0  startup_stm32f302x8.o(.text)
    SPI3_IRQHandler                          0x080001bb   Thumb Code     0  startup_stm32f302x8.o(.text)
    TAMP_STAMP_IRQHandler                    0x080001bb   Thumb Code     0  startup_stm32f302x8.o(.text)
    TIM1_BRK_TIM15_IRQHandler                0x080001bb   Thumb Code     0  startup_stm32f302x8.o(.text)
    TIM1_CC_IRQHandler                       0x080001bb   Thumb Code     0  startup_stm32f302x8.o(.text)
    TIM1_TRG_COM_TIM17_IRQHandler            0x080001bb   Thumb Code     0  startup_stm32f302x8.o(.text)
    TIM6_DAC_IRQHandler                      0x080001bb   Thumb Code     0  startup_stm32f302x8.o(.text)
    USART1_IRQHandler                        0x080001bb   Thumb Code     0  startup_stm32f302x8.o(.text)
    USART2_IRQHandler                        0x080001bb   Thumb Code     0  startup_stm32f302x8.o(.text)
    USART3_IRQHandler                        0x080001bb   Thumb Code     0  startup_stm32f302x8.o(.text)
    USBWakeUp_IRQHandler                     0x080001bb   Thumb Code     0  startup_stm32f302x8.o(.text)
    USBWakeUp_RMP_IRQHandler                 0x080001bb   Thumb Code     0  startup_stm32f302x8.o(.text)
    USB_HP_CAN_TX_IRQHandler                 0x080001bb   Thumb Code     0  startup_stm32f302x8.o(.text)
    USB_HP_IRQHandler                        0x080001bb   Thumb Code     0  startup_stm32f302x8.o(.text)
    USB_LP_CAN_RX0_IRQHandler                0x080001bb   Thumb Code     0  startup_stm32f302x8.o(.text)
    USB_LP_IRQHandler                        0x080001bb   Thumb Code     0  startup_stm32f302x8.o(.text)
    WWDG_IRQHandler                          0x080001bb   Thumb Code     0  startup_stm32f302x8.o(.text)
    __aeabi_uldivmod                         0x080001c5   Thumb Code    98  uldiv.o(.text)
    __aeabi_llsr                             0x08000227   Thumb Code    32  llushr.o(.text)
    _ll_ushift_r                             0x08000227   Thumb Code     0  llushr.o(.text)
    __aeabi_memcpy                           0x08000247   Thumb Code    36  memcpya.o(.text)
    __aeabi_memcpy4                          0x08000247   Thumb Code     0  memcpya.o(.text)
    __aeabi_memcpy8                          0x08000247   Thumb Code     0  memcpya.o(.text)
    __aeabi_memset                           0x0800026b   Thumb Code    14  memseta.o(.text)
    __aeabi_memset4                          0x0800026b   Thumb Code     0  memseta.o(.text)
    __aeabi_memset8                          0x0800026b   Thumb Code     0  memseta.o(.text)
    __aeabi_memclr                           0x08000279   Thumb Code     4  memseta.o(.text)
    __aeabi_memclr4                          0x08000279   Thumb Code     0  memseta.o(.text)
    __aeabi_memclr8                          0x08000279   Thumb Code     0  memseta.o(.text)
    _memset$wrapper                          0x0800027d   Thumb Code    18  memseta.o(.text)
    __cpp_initialize__aeabi_                 0x08000291   Thumb Code    22  cpp_init.o(.text)
    __aeabi_ddiv                             0x080002b1   Thumb Code   222  ddiv.o(.text)
    __aeabi_f2d                              0x0800038f   Thumb Code    38  f2d.o(.text)
    __aeabi_d2f                              0x080003b5   Thumb Code    56  d2f.o(.text)
    __aeabi_llsl                             0x080003ed   Thumb Code    30  llshl.o(.text)
    _ll_shift_l                              0x080003ed   Thumb Code     0  llshl.o(.text)
    __I$use$fp                               0x0800040b   Thumb Code     0  iusefp.o(.text)
    _float_round                             0x0800040b   Thumb Code    18  fepilogue.o(.text)
    _float_epilogue                          0x0800041d   Thumb Code    92  fepilogue.o(.text)
    _frem                                    0x08000479   Thumb Code    82  frem.o(.text)
    _double_round                            0x080004cb   Thumb Code    30  depilogue.o(.text)
    _double_epilogue                         0x080004e9   Thumb Code   156  depilogue.o(.text)
    _dsqrt                                   0x08000585   Thumb Code   162  dsqrt.o(.text)
    __scatterload                            0x08000629   Thumb Code    28  init.o(.text)
    __scatterload_rt2                        0x08000629   Thumb Code     0  init.o(.text)
    ADC1_IRQHandler                          0x0800064d   Thumb Code   616  bldc.o(i.ADC1_IRQHandler)
    BusFault_Handler                         0x080008d5   Thumb Code     4  stm32f3xx_it.o(i.BusFault_Handler)
    DMA1_Channel1_IRQHandler                 0x080008d9   Thumb Code    10  bldc.o(i.DMA1_Channel1_IRQHandler)
    DebugMon_Handler                         0x080008e9   Thumb Code     2  stm32f3xx_it.o(i.DebugMon_Handler)
    Error_Handler                            0x080008eb   Thumb Code     6  main.o(i.Error_Handler)
    HAL_ADCEx_InjectedConfigChannel          0x080008f1   Thumb Code  1198  stm32f3xx_hal_adc_ex.o(i.HAL_ADCEx_InjectedConfigChannel)
    HAL_ADCEx_InjectedConvCpltCallback       0x08000d9f   Thumb Code     2  stm32f3xx_hal_adc_ex.o(i.HAL_ADCEx_InjectedConvCpltCallback)
    HAL_ADCEx_InjectedGetValue               0x08000da1   Thumb Code    58  stm32f3xx_hal_adc_ex.o(i.HAL_ADCEx_InjectedGetValue)
    HAL_ADCEx_InjectedQueueOverflowCallback  0x08000ddb   Thumb Code     2  stm32f3xx_hal_adc_ex.o(i.HAL_ADCEx_InjectedQueueOverflowCallback)
    HAL_ADCEx_InjectedStart_IT               0x08000ddd   Thumb Code   214  stm32f3xx_hal_adc_ex.o(i.HAL_ADCEx_InjectedStart_IT)
    HAL_ADCEx_LevelOutOfWindow2Callback      0x08000eb3   Thumb Code     2  stm32f3xx_hal_adc_ex.o(i.HAL_ADCEx_LevelOutOfWindow2Callback)
    HAL_ADCEx_LevelOutOfWindow3Callback      0x08000eb5   Thumb Code     2  stm32f3xx_hal_adc_ex.o(i.HAL_ADCEx_LevelOutOfWindow3Callback)
    HAL_ADC_ConfigChannel                    0x08000eb9   Thumb Code  1012  stm32f3xx_hal_adc_ex.o(i.HAL_ADC_ConfigChannel)
    HAL_ADC_ConvCpltCallback                 0x080012bd   Thumb Code     2  stm32f3xx_hal_adc.o(i.HAL_ADC_ConvCpltCallback)
    HAL_ADC_ConvHalfCpltCallback             0x080012bf   Thumb Code     2  stm32f3xx_hal_adc.o(i.HAL_ADC_ConvHalfCpltCallback)
    HAL_ADC_ErrorCallback                    0x080012c1   Thumb Code     2  stm32f3xx_hal_adc.o(i.HAL_ADC_ErrorCallback)
    HAL_ADC_IRQHandler                       0x080012c5   Thumb Code   682  stm32f3xx_hal_adc_ex.o(i.HAL_ADC_IRQHandler)
    HAL_ADC_Init                             0x08001575   Thumb Code   562  stm32f3xx_hal_adc_ex.o(i.HAL_ADC_Init)
    HAL_ADC_LevelOutOfWindowCallback         0x080017b9   Thumb Code     2  stm32f3xx_hal_adc.o(i.HAL_ADC_LevelOutOfWindowCallback)
    HAL_ADC_MspInit                          0x080017bd   Thumb Code   218  adc.o(i.HAL_ADC_MspInit)
    HAL_ADC_Start_DMA                        0x080018a9   Thumb Code   234  stm32f3xx_hal_adc_ex.o(i.HAL_ADC_Start_DMA)
    HAL_DMA_IRQHandler                       0x080019a1   Thumb Code   230  stm32f3xx_hal_dma.o(i.HAL_DMA_IRQHandler)
    HAL_DMA_Init                             0x08001a87   Thumb Code    86  stm32f3xx_hal_dma.o(i.HAL_DMA_Init)
    HAL_DMA_Start_IT                         0x08001add   Thumb Code   156  stm32f3xx_hal_dma.o(i.HAL_DMA_Start_IT)
    HAL_GPIO_Init                            0x08001b79   Thumb Code   418  stm32f3xx_hal_gpio.o(i.HAL_GPIO_Init)
    HAL_GPIO_ReadPin                         0x08001d35   Thumb Code    16  stm32f3xx_hal_gpio.o(i.HAL_GPIO_ReadPin)
    HAL_GPIO_WritePin                        0x08001d45   Thumb Code    10  stm32f3xx_hal_gpio.o(i.HAL_GPIO_WritePin)
    HAL_GetTick                              0x08001d51   Thumb Code     6  stm32f3xx_hal.o(i.HAL_GetTick)
    HAL_IncTick                              0x08001d5d   Thumb Code    16  stm32f3xx_hal.o(i.HAL_IncTick)
    HAL_Init                                 0x08001d75   Thumb Code    34  stm32f3xx_hal.o(i.HAL_Init)
    HAL_InitTick                             0x08001d9d   Thumb Code    64  stm32f3xx_hal.o(i.HAL_InitTick)
    HAL_MspInit                              0x08001de9   Thumb Code    58  stm32f3xx_hal_msp.o(i.HAL_MspInit)
    HAL_NVIC_EnableIRQ                       0x08001e29   Thumb Code    32  stm32f3xx_hal_cortex.o(i.HAL_NVIC_EnableIRQ)
    HAL_NVIC_SetPriority                     0x08001e49   Thumb Code   124  stm32f3xx_hal_cortex.o(i.HAL_NVIC_SetPriority)
    HAL_NVIC_SetPriorityGrouping             0x08001ec5   Thumb Code    32  stm32f3xx_hal_cortex.o(i.HAL_NVIC_SetPriorityGrouping)
    HAL_RCCEx_PeriphCLKConfig                0x08001eed   Thumb Code   680  stm32f3xx_hal_rcc_ex.o(i.HAL_RCCEx_PeriphCLKConfig)
    HAL_RCC_ClockConfig                      0x080021a1   Thumb Code   664  stm32f3xx_hal_rcc.o(i.HAL_RCC_ClockConfig)
    HAL_RCC_GetSysClockFreq                  0x0800244d   Thumb Code   138  stm32f3xx_hal_rcc.o(i.HAL_RCC_GetSysClockFreq)
    HAL_RCC_OscConfig                        0x080024ed   Thumb Code  2586  stm32f3xx_hal_rcc.o(i.HAL_RCC_OscConfig)
    HAL_SYSTICK_Config                       0x08002f11   Thumb Code    52  stm32f3xx_hal_cortex.o(i.HAL_SYSTICK_Config)
    HAL_TIMEx_Break2Callback                 0x08002f45   Thumb Code     2  stm32f3xx_hal_tim_ex.o(i.HAL_TIMEx_Break2Callback)
    HAL_TIMEx_BreakCallback                  0x08002f47   Thumb Code     2  stm32f3xx_hal_tim_ex.o(i.HAL_TIMEx_BreakCallback)
    HAL_TIMEx_CommutCallback                 0x08002f49   Thumb Code     2  stm32f3xx_hal_tim_ex.o(i.HAL_TIMEx_CommutCallback)
    HAL_TIMEx_ConfigBreakDeadTime            0x08002f4d   Thumb Code   164  stm32f3xx_hal_tim_ex.o(i.HAL_TIMEx_ConfigBreakDeadTime)
    HAL_TIMEx_ConfigCommutEvent_IT           0x08002ff5   Thumb Code   134  stm32f3xx_hal_tim_ex.o(i.HAL_TIMEx_ConfigCommutEvent_IT)
    HAL_TIMEx_HallSensor_Init                0x0800307d   Thumb Code   234  stm32f3xx_hal_tim_ex.o(i.HAL_TIMEx_HallSensor_Init)
    HAL_TIMEx_HallSensor_MspInit             0x0800316d   Thumb Code     2  stm32f3xx_hal_tim_ex.o(i.HAL_TIMEx_HallSensor_MspInit)
    HAL_TIMEx_HallSensor_Start_IT            0x08003171   Thumb Code   168  stm32f3xx_hal_tim_ex.o(i.HAL_TIMEx_HallSensor_Start_IT)
    HAL_TIMEx_MasterConfigSynchronization    0x08003225   Thumb Code   126  stm32f3xx_hal_tim_ex.o(i.HAL_TIMEx_MasterConfigSynchronization)
    HAL_TIM_Base_Init                        0x080032ad   Thumb Code   110  stm32f3xx_hal_tim.o(i.HAL_TIM_Base_Init)
    HAL_TIM_Base_MspInit                     0x0800331d   Thumb Code   288  tim.o(i.HAL_TIM_Base_MspInit)
    HAL_TIM_ConfigClockSource                0x08003449   Thumb Code   264  stm32f3xx_hal_tim.o(i.HAL_TIM_ConfigClockSource)
    HAL_TIM_IC_CaptureCallback               0x08003555   Thumb Code     2  stm32f3xx_hal_tim.o(i.HAL_TIM_IC_CaptureCallback)
    HAL_TIM_IRQHandler                       0x08003557   Thumb Code   440  stm32f3xx_hal_tim.o(i.HAL_TIM_IRQHandler)
    HAL_TIM_MspPostInit                      0x08003711   Thumb Code    84  tim.o(i.HAL_TIM_MspPostInit)
    HAL_TIM_OC_DelayElapsedCallback          0x0800376d   Thumb Code     2  stm32f3xx_hal_tim.o(i.HAL_TIM_OC_DelayElapsedCallback)
    HAL_TIM_PWM_ConfigChannel                0x0800376f   Thumb Code   360  stm32f3xx_hal_tim.o(i.HAL_TIM_PWM_ConfigChannel)
    HAL_TIM_PWM_Init                         0x080038d7   Thumb Code   110  stm32f3xx_hal_tim.o(i.HAL_TIM_PWM_Init)
    HAL_TIM_PWM_MspInit                      0x08003945   Thumb Code     2  stm32f3xx_hal_tim.o(i.HAL_TIM_PWM_MspInit)
    HAL_TIM_PWM_PulseFinishedCallback        0x08003947   Thumb Code     2  stm32f3xx_hal_tim.o(i.HAL_TIM_PWM_PulseFinishedCallback)
    HAL_TIM_PWM_Start                        0x08003949   Thumb Code   266  stm32f3xx_hal_tim.o(i.HAL_TIM_PWM_Start)
    HAL_TIM_PeriodElapsedCallback            0x08003a69   Thumb Code     2  stm32f3xx_hal_tim.o(i.HAL_TIM_PeriodElapsedCallback)
    HAL_TIM_SlaveConfigSynchro               0x08003a6b   Thumb Code   108  stm32f3xx_hal_tim.o(i.HAL_TIM_SlaveConfigSynchro)
    HAL_TIM_TriggerCallback                  0x08003ad7   Thumb Code     2  stm32f3xx_hal_tim.o(i.HAL_TIM_TriggerCallback)
    HardFault_Handler                        0x08003ad9   Thumb Code     4  stm32f3xx_it.o(i.HardFault_Handler)
    MX_ADC1_Init                             0x08003add   Thumb Code   258  adc.o(i.MX_ADC1_Init)
    MX_DMA_Init                              0x08003be5   Thumb Code    48  dma.o(i.MX_DMA_Init)
    MX_GPIO_Init                             0x08003c19   Thumb Code   158  gpio.o(i.MX_GPIO_Init)
    MX_TIM1_Init                             0x08003cc1   Thumb Code   302  tim.o(i.MX_TIM1_Init)
    MX_TIM2_Init                             0x08003df9   Thumb Code   140  tim.o(i.MX_TIM2_Init)
    MemManage_Handler                        0x08003e89   Thumb Code     4  stm32f3xx_it.o(i.MemManage_Handler)
    NMI_Handler                              0x08003e8d   Thumb Code     4  stm32f3xx_it.o(i.NMI_Handler)
    PendSV_Handler                           0x08003e91   Thumb Code     2  stm32f3xx_it.o(i.PendSV_Handler)
    SVC_Handler                              0x08003e93   Thumb Code     2  stm32f3xx_it.o(i.SVC_Handler)
    SysTick_Handler                          0x08003e95   Thumb Code     8  stm32f3xx_it.o(i.SysTick_Handler)
    SystemInit                               0x08003e9d   Thumb Code    14  system_stm32f3xx.o(i.SystemInit)
    TIM1_UP_TIM16_IRQHandler                 0x08003eb1   Thumb Code    10  stm32f3xx_it.o(i.TIM1_UP_TIM16_IRQHandler)
    TIM2_IRQHandler                          0x08003ec1   Thumb Code    42  bldc.o(i.TIM2_IRQHandler)
    TIM_Base_SetConfig                       0x08003ef9   Thumb Code   116  stm32f3xx_hal_tim.o(i.TIM_Base_SetConfig)
    TIM_CCxChannelCmd                        0x08003f7d   Thumb Code    34  stm32f3xx_hal_tim.o(i.TIM_CCxChannelCmd)
    TIM_ETR_SetConfig                        0x08003f9f   Thumb Code    22  stm32f3xx_hal_tim.o(i.TIM_ETR_SetConfig)
    TIM_OC2_SetConfig                        0x08003fb5   Thumb Code   142  stm32f3xx_hal_tim.o(i.TIM_OC2_SetConfig)
    TIM_TI1_SetConfig                        0x08004059   Thumb Code    84  stm32f3xx_hal_tim.o(i.TIM_TI1_SetConfig)
    UsageFault_Handler                       0x080040b5   Thumb Code     4  stm32f3xx_it.o(i.UsageFault_Handler)
    SystemClock_Config()                     0x080040b9   Thumb Code   138  main.o(i._Z18SystemClock_Configv)
    qd::qd()                                 0x08004145   Thumb Code    88  bldc.o(i._ZN2qdC1Ev)
    qd::qd__sub_object()                     0x08004145   Thumb Code     0  bldc.o(i._ZN2qdC1Ev)
    BLDC::SVPWM()                            0x08004755   Thumb Code  1242  bldc.o(i._ZN4BLDC5SVPWMEv)
    BLDC::SVPWM_2()                          0x08004c39   Thumb Code  1314  bldc.o(i._ZN4BLDC7SVPWM_2Ev)
    BLDC::FOC_Task()                         0x08005165   Thumb Code   472  bldc.o(i._ZN4BLDC8FOC_TaskEv)
    BLDC::PID_step(PID)                      0x0800534d   Thumb Code    32  bldc.o(i._ZN4BLDC8PID_stepE3PID)
    BLDC::BLDC()                             0x0800536d   Thumb Code    76  bldc.o(i._ZN4BLDCC1Ev)
    BLDC::BLDC__sub_object()                 0x0800536d   Thumb Code     0  bldc.o(i._ZN4BLDCC1Ev)
    std::cos(float)                          0x080053c1   Thumb Code    24  bldc.o(i._ZSt3cosf)
    std::sin(float)                          0x080053d9   Thumb Code    24  bldc.o(i._ZSt3sinf)
    __ARM_fpclassifyf                        0x080053f1   Thumb Code    38  fpclassifyf.o(i.__ARM_fpclassifyf)
    __hardfp_cosf                            0x08005419   Thumb Code   280  cosf.o(i.__hardfp_cosf)
    __hardfp_fmodf                           0x08005569   Thumb Code   176  fmodf.o(i.__hardfp_fmodf)
    __hardfp_sinf                            0x08005619   Thumb Code   344  sinf.o(i.__hardfp_sinf)
    __hardfp_sqrt                            0x080057a9   Thumb Code   122  sqrt.o(i.__hardfp_sqrt)
    __mathlib_flt_infnan                     0x08005823   Thumb Code     6  funder.o(i.__mathlib_flt_infnan)
    __mathlib_flt_invalid                    0x08005829   Thumb Code    10  funder.o(i.__mathlib_flt_invalid)
    __mathlib_flt_underflow                  0x08005839   Thumb Code    10  funder.o(i.__mathlib_flt_underflow)
    __mathlib_rredf2                         0x08005849   Thumb Code   316  rredf.o(i.__mathlib_rredf2)
    __scatterload_copy                       0x0800599d   Thumb Code    14  handlers.o(i.__scatterload_copy)
    __scatterload_null                       0x080059ab   Thumb Code     2  handlers.o(i.__scatterload_null)
    __scatterload_zeroinit                   0x080059ad   Thumb Code    14  handlers.o(i.__scatterload_zeroinit)
    __set_errno                              0x080059bd   Thumb Code     6  errno.o(i.__set_errno)
    main                                     0x080059d9   Thumb Code   200  main.o(i.main)
    AHBPrescTable                            0x08005aec   Data          16  system_stm32f3xx.o(.constdata)
    APBPrescTable                            0x08005afc   Data           8  system_stm32f3xx.o(.constdata)
    Region$$Table$$Base                      0x08005b24   Number         0  anon$$obj.o(Region$$Table)
    Region$$Table$$Limit                     0x08005b44   Number         0  anon$$obj.o(Region$$Table)
    SHT$$INIT_ARRAY$$Base                    0x08005b44   Number         0  main.o(.init_array)
    SHT$$INIT_ARRAY$$Limit                   0x08005b48   Number         0  cpp_init.o(.init_array)
    hall_state                               0x20000000   Data           1  main.o(.data)
    q_kp                                     0x20000004   Data           4  main.o(.data)
    d_kp                                     0x20000008   Data           4  main.o(.data)
    q_ref                                    0x2000000c   Data           4  main.o(.data)
    main_tick                                0x20000010   Data           4  main.o(.data)
    uwTick                                   0x20000014   Data           4  stm32f3xx_hal.o(.data)
    uwTickPrio                               0x20000018   Data           4  stm32f3xx_hal.o(.data)
    uwTickFreq                               0x2000001c   Data           1  stm32f3xx_hal.o(.data)
    SystemCoreClock                          0x20000020   Data           4  system_stm32f3xx.o(.data)
    ptrBLDC                                  0x20000024   Data           4  bldc.o(.data)
    _duty                                    0x20000028   Data           4  bldc.o(.data)
    hall_state_degree                        0x2000002c   Data          24  bldc.o(.data)
    firstHallChange                          0x20000044   Data           1  bldc.o(.data)
    BLDC_DRIVER                              0x2000004c   Data         328  main.o(.bss)
    hadc1                                    0x20000194   Data          80  adc.o(.bss)
    hdma_adc1                                0x200001e4   Data          68  adc.o(.bss)
    htim1                                    0x20000228   Data          76  tim.o(.bss)
    htim2                                    0x20000274   Data          76  tim.o(.bss)
    __initial_sp                             0x200006c0   Data           0  startup_stm32f302x8.o(STACK)



==============================================================================

Memory Map of the image

  Image Entry point : 0x08000189

  Load Region LR_IROM1 (Base: 0x08000000, Size: 0x00005b94, Max: 0x00010000, ABSOLUTE)

    Execution Region ER_IROM1 (Exec base: 0x08000000, Load base: 0x08000000, Size: 0x00005b48, Max: 0x00010000, ABSOLUTE)

    Exec Addr    Load Addr    Size         Type   Attr      Idx    E Section Name        Object

    0x08000000   0x08000000   0x00000188   Data   RO            3    RESET               startup_stm32f302x8.o
    0x08000188   0x08000188   0x00000000   Code   RO         4056  * .ARM.Collect$$$$00000000  mc_w.l(entry.o)
    0x08000188   0x08000188   0x00000004   Code   RO         4099    .ARM.Collect$$$$00000001  mc_w.l(entry2.o)
    0x0800018c   0x0800018c   0x00000004   Code   RO         4102    .ARM.Collect$$$$00000004  mc_w.l(entry5.o)
    0x08000190   0x08000190   0x00000000   Code   RO         4104    .ARM.Collect$$$$00000008  mc_w.l(entry7b.o)
    0x08000190   0x08000190   0x00000004   Code   RO         4105    .ARM.Collect$$$$00000009  mc_w.l(entry8a.o)
    0x08000194   0x08000194   0x00000000   Code   RO         4106    .ARM.Collect$$$$0000000A  mc_w.l(entry8b.o)
    0x08000194   0x08000194   0x00000008   Code   RO         4107    .ARM.Collect$$$$0000000B  mc_w.l(entry9a.o)
    0x0800019c   0x0800019c   0x00000000   Code   RO         4109    .ARM.Collect$$$$0000000D  mc_w.l(entry10a.o)
    0x0800019c   0x0800019c   0x00000000   Code   RO         4111    .ARM.Collect$$$$0000000F  mc_w.l(entry11a.o)
    0x0800019c   0x0800019c   0x00000004   Code   RO         4100    .ARM.Collect$$$$00002712  mc_w.l(entry2.o)
    0x080001a0   0x080001a0   0x00000024   Code   RO            4    .text               startup_stm32f302x8.o
    0x080001c4   0x080001c4   0x00000062   Code   RO         4059    .text               mc_w.l(uldiv.o)
    0x08000226   0x08000226   0x00000020   Code   RO         4061    .text               mc_w.l(llushr.o)
    0x08000246   0x08000246   0x00000024   Code   RO         4063    .text               mc_w.l(memcpya.o)
    0x0800026a   0x0800026a   0x00000024   Code   RO         4065    .text               mc_w.l(memseta.o)
    0x0800028e   0x0800028e   0x00000002   PAD
    0x08000290   0x08000290   0x00000020   Code   RO         4072    .text               mc_w.l(cpp_init.o)
    0x080002b0   0x080002b0   0x000000de   Code   RO         4074    .text               mf_w.l(ddiv.o)
    0x0800038e   0x0800038e   0x00000026   Code   RO         4076    .text               mf_w.l(f2d.o)
    0x080003b4   0x080003b4   0x00000038   Code   RO         4078    .text               mf_w.l(d2f.o)
    0x080003ec   0x080003ec   0x0000001e   Code   RO         4113    .text               mc_w.l(llshl.o)
    0x0800040a   0x0800040a   0x00000000   Code   RO         4122    .text               mc_w.l(iusefp.o)
    0x0800040a   0x0800040a   0x0000006e   Code   RO         4123    .text               mf_w.l(fepilogue.o)
    0x08000478   0x08000478   0x00000052   Code   RO         4125    .text               mf_w.l(frem.o)
    0x080004ca   0x080004ca   0x000000ba   Code   RO         4127    .text               mf_w.l(depilogue.o)
    0x08000584   0x08000584   0x000000a2   Code   RO         4129    .text               mf_w.l(dsqrt.o)
    0x08000626   0x08000626   0x00000002   PAD
    0x08000628   0x08000628   0x00000024   Code   RO         4133    .text               mc_w.l(init.o)
    0x0800064c   0x0800064c   0x00000288   Code   RO         3874    i.ADC1_IRQHandler   bldc.o
    0x080008d4   0x080008d4   0x00000004   Code   RO          341    i.BusFault_Handler  stm32f3xx_it.o
    0x080008d8   0x080008d8   0x00000010   Code   RO         3875    i.DMA1_Channel1_IRQHandler  bldc.o
    0x080008e8   0x080008e8   0x00000002   Code   RO          342    i.DebugMon_Handler  stm32f3xx_it.o
    0x080008ea   0x080008ea   0x00000006   Code   RO           13    i.Error_Handler     main.o
    0x080008f0   0x080008f0   0x000004ae   Code   RO          630    i.HAL_ADCEx_InjectedConfigChannel  stm32f3xx_hal_adc_ex.o
    0x08000d9e   0x08000d9e   0x00000002   Code   RO          631    i.HAL_ADCEx_InjectedConvCpltCallback  stm32f3xx_hal_adc_ex.o
    0x08000da0   0x08000da0   0x0000003a   Code   RO          632    i.HAL_ADCEx_InjectedGetValue  stm32f3xx_hal_adc_ex.o
    0x08000dda   0x08000dda   0x00000002   Code   RO          634    i.HAL_ADCEx_InjectedQueueOverflowCallback  stm32f3xx_hal_adc_ex.o
    0x08000ddc   0x08000ddc   0x000000d6   Code   RO          636    i.HAL_ADCEx_InjectedStart_IT  stm32f3xx_hal_adc_ex.o
    0x08000eb2   0x08000eb2   0x00000002   Code   RO          639    i.HAL_ADCEx_LevelOutOfWindow2Callback  stm32f3xx_hal_adc_ex.o
    0x08000eb4   0x08000eb4   0x00000002   Code   RO          640    i.HAL_ADCEx_LevelOutOfWindow3Callback  stm32f3xx_hal_adc_ex.o
    0x08000eb6   0x08000eb6   0x00000002   PAD
    0x08000eb8   0x08000eb8   0x00000404   Code   RO          645    i.HAL_ADC_ConfigChannel  stm32f3xx_hal_adc_ex.o
    0x080012bc   0x080012bc   0x00000002   Code   RO          457    i.HAL_ADC_ConvCpltCallback  stm32f3xx_hal_adc.o
    0x080012be   0x080012be   0x00000002   Code   RO          458    i.HAL_ADC_ConvHalfCpltCallback  stm32f3xx_hal_adc.o
    0x080012c0   0x080012c0   0x00000002   Code   RO          460    i.HAL_ADC_ErrorCallback  stm32f3xx_hal_adc.o
    0x080012c2   0x080012c2   0x00000002   PAD
    0x080012c4   0x080012c4   0x000002b0   Code   RO          648    i.HAL_ADC_IRQHandler  stm32f3xx_hal_adc_ex.o
    0x08001574   0x08001574   0x00000244   Code   RO          649    i.HAL_ADC_Init      stm32f3xx_hal_adc_ex.o
    0x080017b8   0x080017b8   0x00000002   Code   RO          466    i.HAL_ADC_LevelOutOfWindowCallback  stm32f3xx_hal_adc.o
    0x080017ba   0x080017ba   0x00000002   PAD
    0x080017bc   0x080017bc   0x000000ec   Code   RO          213    i.HAL_ADC_MspInit   adc.o
    0x080018a8   0x080018a8   0x000000f8   Code   RO          653    i.HAL_ADC_Start_DMA  stm32f3xx_hal_adc_ex.o
    0x080019a0   0x080019a0   0x000000e6   Code   RO         1340    i.HAL_DMA_IRQHandler  stm32f3xx_hal_dma.o
    0x08001a86   0x08001a86   0x00000056   Code   RO         1341    i.HAL_DMA_Init      stm32f3xx_hal_dma.o
    0x08001adc   0x08001adc   0x0000009c   Code   RO         1344    i.HAL_DMA_Start_IT  stm32f3xx_hal_dma.o
    0x08001b78   0x08001b78   0x000001bc   Code   RO         1264    i.HAL_GPIO_Init     stm32f3xx_hal_gpio.o
    0x08001d34   0x08001d34   0x00000010   Code   RO         1266    i.HAL_GPIO_ReadPin  stm32f3xx_hal_gpio.o
    0x08001d44   0x08001d44   0x0000000a   Code   RO         1268    i.HAL_GPIO_WritePin  stm32f3xx_hal_gpio.o
    0x08001d4e   0x08001d4e   0x00000002   PAD
    0x08001d50   0x08001d50   0x0000000c   Code   RO          909    i.HAL_GetTick       stm32f3xx_hal.o
    0x08001d5c   0x08001d5c   0x00000018   Code   RO          915    i.HAL_IncTick       stm32f3xx_hal.o
    0x08001d74   0x08001d74   0x00000028   Code   RO          916    i.HAL_Init          stm32f3xx_hal.o
    0x08001d9c   0x08001d9c   0x0000004c   Code   RO          917    i.HAL_InitTick      stm32f3xx_hal.o
    0x08001de8   0x08001de8   0x00000040   Code   RO          430    i.HAL_MspInit       stm32f3xx_hal_msp.o
    0x08001e28   0x08001e28   0x00000020   Code   RO         1451    i.HAL_NVIC_EnableIRQ  stm32f3xx_hal_cortex.o
    0x08001e48   0x08001e48   0x0000007c   Code   RO         1457    i.HAL_NVIC_SetPriority  stm32f3xx_hal_cortex.o
    0x08001ec4   0x08001ec4   0x00000028   Code   RO         1458    i.HAL_NVIC_SetPriorityGrouping  stm32f3xx_hal_cortex.o
    0x08001eec   0x08001eec   0x000002b4   Code   RO         1217    i.HAL_RCCEx_PeriphCLKConfig  stm32f3xx_hal_rcc_ex.o
    0x080021a0   0x080021a0   0x000002ac   Code   RO         1098    i.HAL_RCC_ClockConfig  stm32f3xx_hal_rcc.o
    0x0800244c   0x0800244c   0x000000a0   Code   RO         1107    i.HAL_RCC_GetSysClockFreq  stm32f3xx_hal_rcc.o
    0x080024ec   0x080024ec   0x00000a24   Code   RO         1110    i.HAL_RCC_OscConfig  stm32f3xx_hal_rcc.o
    0x08002f10   0x08002f10   0x00000034   Code   RO         1462    i.HAL_SYSTICK_Config  stm32f3xx_hal_cortex.o
    0x08002f44   0x08002f44   0x00000002   Code   RO         3512    i.HAL_TIMEx_Break2Callback  stm32f3xx_hal_tim_ex.o
    0x08002f46   0x08002f46   0x00000002   Code   RO         3513    i.HAL_TIMEx_BreakCallback  stm32f3xx_hal_tim_ex.o
    0x08002f48   0x08002f48   0x00000002   Code   RO         3514    i.HAL_TIMEx_CommutCallback  stm32f3xx_hal_tim_ex.o
    0x08002f4a   0x08002f4a   0x00000002   PAD
    0x08002f4c   0x08002f4c   0x000000a8   Code   RO         3516    i.HAL_TIMEx_ConfigBreakDeadTime  stm32f3xx_hal_tim_ex.o
    0x08002ff4   0x08002ff4   0x00000086   Code   RO         3519    i.HAL_TIMEx_ConfigCommutEvent_IT  stm32f3xx_hal_tim_ex.o
    0x0800307a   0x0800307a   0x00000002   PAD
    0x0800307c   0x0800307c   0x000000f0   Code   RO         3524    i.HAL_TIMEx_HallSensor_Init  stm32f3xx_hal_tim_ex.o
    0x0800316c   0x0800316c   0x00000002   Code   RO         3526    i.HAL_TIMEx_HallSensor_MspInit  stm32f3xx_hal_tim_ex.o
    0x0800316e   0x0800316e   0x00000002   PAD
    0x08003170   0x08003170   0x000000b4   Code   RO         3529    i.HAL_TIMEx_HallSensor_Start_IT  stm32f3xx_hal_tim_ex.o
    0x08003224   0x08003224   0x00000088   Code   RO         3533    i.HAL_TIMEx_MasterConfigSynchronization  stm32f3xx_hal_tim_ex.o
    0x080032ac   0x080032ac   0x0000006e   Code   RO         2666    i.HAL_TIM_Base_Init  stm32f3xx_hal_tim.o
    0x0800331a   0x0800331a   0x00000002   PAD
    0x0800331c   0x0800331c   0x0000012c   Code   RO          283    i.HAL_TIM_Base_MspInit  tim.o
    0x08003448   0x08003448   0x0000010c   Code   RO         2675    i.HAL_TIM_ConfigClockSource  stm32f3xx_hal_tim.o
    0x08003554   0x08003554   0x00000002   Code   RO         2700    i.HAL_TIM_IC_CaptureCallback  stm32f3xx_hal_tim.o
    0x08003556   0x08003556   0x000001b8   Code   RO         2714    i.HAL_TIM_IRQHandler  stm32f3xx_hal_tim.o
    0x0800370e   0x0800370e   0x00000002   PAD
    0x08003710   0x08003710   0x0000005c   Code   RO          284    i.HAL_TIM_MspPostInit  tim.o
    0x0800376c   0x0800376c   0x00000002   Code   RO         2717    i.HAL_TIM_OC_DelayElapsedCallback  stm32f3xx_hal_tim.o
    0x0800376e   0x0800376e   0x00000168   Code   RO         2738    i.HAL_TIM_PWM_ConfigChannel  stm32f3xx_hal_tim.o
    0x080038d6   0x080038d6   0x0000006e   Code   RO         2741    i.HAL_TIM_PWM_Init  stm32f3xx_hal_tim.o
    0x08003944   0x08003944   0x00000002   Code   RO         2743    i.HAL_TIM_PWM_MspInit  stm32f3xx_hal_tim.o
    0x08003946   0x08003946   0x00000002   Code   RO         2744    i.HAL_TIM_PWM_PulseFinishedCallback  stm32f3xx_hal_tim.o
    0x08003948   0x08003948   0x00000120   Code   RO         2746    i.HAL_TIM_PWM_Start  stm32f3xx_hal_tim.o
    0x08003a68   0x08003a68   0x00000002   Code   RO         2752    i.HAL_TIM_PeriodElapsedCallback  stm32f3xx_hal_tim.o
    0x08003a6a   0x08003a6a   0x0000006c   Code   RO         2755    i.HAL_TIM_SlaveConfigSynchro  stm32f3xx_hal_tim.o
    0x08003ad6   0x08003ad6   0x00000002   Code   RO         2757    i.HAL_TIM_TriggerCallback  stm32f3xx_hal_tim.o
    0x08003ad8   0x08003ad8   0x00000004   Code   RO          343    i.HardFault_Handler  stm32f3xx_it.o
    0x08003adc   0x08003adc   0x00000108   Code   RO          214    i.MX_ADC1_Init      adc.o
    0x08003be4   0x08003be4   0x00000034   Code   RO          257    i.MX_DMA_Init       dma.o
    0x08003c18   0x08003c18   0x000000a8   Code   RO          187    i.MX_GPIO_Init      gpio.o
    0x08003cc0   0x08003cc0   0x00000138   Code   RO          285    i.MX_TIM1_Init      tim.o
    0x08003df8   0x08003df8   0x00000090   Code   RO          286    i.MX_TIM2_Init      tim.o
    0x08003e88   0x08003e88   0x00000004   Code   RO          344    i.MemManage_Handler  stm32f3xx_it.o
    0x08003e8c   0x08003e8c   0x00000004   Code   RO          345    i.NMI_Handler       stm32f3xx_it.o
    0x08003e90   0x08003e90   0x00000002   Code   RO          346    i.PendSV_Handler    stm32f3xx_it.o
    0x08003e92   0x08003e92   0x00000002   Code   RO          347    i.SVC_Handler       stm32f3xx_it.o
    0x08003e94   0x08003e94   0x00000008   Code   RO          348    i.SysTick_Handler   stm32f3xx_it.o
    0x08003e9c   0x08003e9c   0x00000014   Code   RO         3836    i.SystemInit        system_stm32f3xx.o
    0x08003eb0   0x08003eb0   0x00000010   Code   RO          349    i.TIM1_UP_TIM16_IRQHandler  stm32f3xx_it.o
    0x08003ec0   0x08003ec0   0x00000038   Code   RO         3876    i.TIM2_IRQHandler   bldc.o
    0x08003ef8   0x08003ef8   0x00000084   Code   RO         2759    i.TIM_Base_SetConfig  stm32f3xx_hal_tim.o
    0x08003f7c   0x08003f7c   0x00000022   Code   RO         2760    i.TIM_CCxChannelCmd  stm32f3xx_hal_tim.o
    0x08003f9e   0x08003f9e   0x00000016   Code   RO         2765    i.TIM_ETR_SetConfig  stm32f3xx_hal_tim.o
    0x08003fb4   0x08003fb4   0x000000a4   Code   RO         2766    i.TIM_OC2_SetConfig  stm32f3xx_hal_tim.o
    0x08004058   0x08004058   0x0000005c   Code   RO         2767    i.TIM_TI1_SetConfig  stm32f3xx_hal_tim.o
    0x080040b4   0x080040b4   0x00000004   Code   RO          350    i.UsageFault_Handler  stm32f3xx_it.o
    0x080040b8   0x080040b8   0x0000008a   Code   RO           14    i._Z18SystemClock_Configv  main.o
    0x08004142   0x08004142   0x00000002   PAD
    0x08004144   0x08004144   0x00000068   Code   RO         3964    i._ZN2qdC1Ev        bldc.o
    0x080041ac   0x080041ac   0x0000002c   Code   RO         1347    i._ZN41_INTERNAL_19_stm32f3xx_hal_dma_c_c25f65ec13DMA_SetConfigEP19__DMA_HandleTypeDefjjj  stm32f3xx_hal_dma.o
    0x080041d8   0x080041d8   0x0000001c   Code   RO         1348    i._ZN41_INTERNAL_19_stm32f3xx_hal_dma_c_c25f65ec23DMA_CalcBaseAndBitshiftEP19__DMA_HandleTypeDef  stm32f3xx_hal_dma.o
    0x080041f4   0x080041f4   0x00000098   Code   RO         2768    i._ZN41_INTERNAL_19_stm32f3xx_hal_tim_c_a9d95b5217TIM_OC1_SetConfigEP11TIM_TypeDefP18TIM_OC_InitTypeDef  stm32f3xx_hal_tim.o
    0x0800428c   0x0800428c   0x000000a0   Code   RO         2769    i._ZN41_INTERNAL_19_stm32f3xx_hal_tim_c_a9d95b5217TIM_OC3_SetConfigEP11TIM_TypeDefP18TIM_OC_InitTypeDef  stm32f3xx_hal_tim.o
    0x0800432c   0x0800432c   0x0000006c   Code   RO         2770    i._ZN41_INTERNAL_19_stm32f3xx_hal_tim_c_a9d95b5217TIM_OC4_SetConfigEP11TIM_TypeDefP18TIM_OC_InitTypeDef  stm32f3xx_hal_tim.o
    0x08004398   0x08004398   0x00000064   Code   RO         2771    i._ZN41_INTERNAL_19_stm32f3xx_hal_tim_c_a9d95b5217TIM_OC5_SetConfigEP11TIM_TypeDefP18TIM_OC_InitTypeDef  stm32f3xx_hal_tim.o
    0x080043fc   0x080043fc   0x00000068   Code   RO         2772    i._ZN41_INTERNAL_19_stm32f3xx_hal_tim_c_a9d95b5217TIM_OC6_SetConfigEP11TIM_TypeDefP18TIM_OC_InitTypeDef  stm32f3xx_hal_tim.o
    0x08004464   0x08004464   0x00000012   Code   RO         2777    i._ZN41_INTERNAL_19_stm32f3xx_hal_tim_c_a9d95b5218TIM_ITRx_SetConfigEP11TIM_TypeDefj  stm32f3xx_hal_tim.o
    0x08004476   0x08004476   0x00000002   PAD
    0x08004478   0x08004478   0x000000b0   Code   RO         2781    i._ZN41_INTERNAL_19_stm32f3xx_hal_tim_c_a9d95b5224TIM_SlaveTimer_SetConfigEP17TIM_HandleTypeDefP22TIM_SlaveConfigTypeDef  stm32f3xx_hal_tim.o
    0x08004528   0x08004528   0x00000026   Code   RO         2782    i._ZN41_INTERNAL_19_stm32f3xx_hal_tim_c_a9d95b5224TIM_TI1_ConfigInputStageEP11TIM_TypeDefjj  stm32f3xx_hal_tim.o
    0x0800454e   0x0800454e   0x00000028   Code   RO         2783    i._ZN41_INTERNAL_19_stm32f3xx_hal_tim_c_a9d95b5224TIM_TI2_ConfigInputStageEP11TIM_TypeDefjj  stm32f3xx_hal_tim.o
    0x08004576   0x08004576   0x00000002   PAD
    0x08004578   0x08004578   0x00000090   Code   RO          658    i._ZN44_INTERNAL_22_stm32f3xx_hal_adc_ex_c_52ef8f5010ADC_EnableEP19__ADC_HandleTypeDef  stm32f3xx_hal_adc_ex.o
    0x08004608   0x08004608   0x00000098   Code   RO          659    i._ZN44_INTERNAL_22_stm32f3xx_hal_adc_ex_c_52ef8f5011ADC_DisableEP19__ADC_HandleTypeDef  stm32f3xx_hal_adc_ex.o
    0x080046a0   0x080046a0   0x0000001e   Code   RO          660    i._ZN44_INTERNAL_22_stm32f3xx_hal_adc_ex_c_52ef8f5012ADC_DMAErrorEP19__DMA_HandleTypeDef  stm32f3xx_hal_adc_ex.o
    0x080046be   0x080046be   0x0000004e   Code   RO          661    i._ZN44_INTERNAL_22_stm32f3xx_hal_adc_ex_c_52ef8f5015ADC_DMAConvCpltEP19__DMA_HandleTypeDef  stm32f3xx_hal_adc_ex.o
    0x0800470c   0x0800470c   0x0000000e   Code   RO          663    i._ZN44_INTERNAL_22_stm32f3xx_hal_adc_ex_c_52ef8f5019ADC_DMAHalfConvCpltEP19__DMA_HandleTypeDef  stm32f3xx_hal_adc_ex.o
    0x0800471a   0x0800471a   0x00000002   PAD
    0x0800471c   0x0800471c   0x00000028   Code   RO         1464    i._ZN44_INTERNAL_22_stm32f3xx_hal_cortex_c_2992dbc018__NVIC_SetPriorityE9IRQn_Typej  stm32f3xx_hal_cortex.o
    0x08004744   0x08004744   0x00000010   Code   RO         1465    i._ZN44_INTERNAL_22_stm32f3xx_hal_cortex_c_2992dbc026__NVIC_GetPriorityGroupingEv  stm32f3xx_hal_cortex.o
    0x08004754   0x08004754   0x000004e4   Code   RO         3879    i._ZN4BLDC5SVPWMEv  bldc.o
    0x08004c38   0x08004c38   0x0000052c   Code   RO         3882    i._ZN4BLDC7SVPWM_2Ev  bldc.o
    0x08005164   0x08005164   0x000001e8   Code   RO         3883    i._ZN4BLDC8FOC_TaskEv  bldc.o
    0x0800534c   0x0800534c   0x00000020   Code   RO         3884    i._ZN4BLDC8PID_stepE3PID  bldc.o
    0x0800536c   0x0800536c   0x00000054   Code   RO         3885    i._ZN4BLDCC1Ev      bldc.o
    0x080053c0   0x080053c0   0x00000018   Code   RO         3967    i._ZSt3cosf         bldc.o
    0x080053d8   0x080053d8   0x00000018   Code   RO         3973    i._ZSt3sinf         bldc.o
    0x080053f0   0x080053f0   0x00000026   Code   RO         4080    i.__ARM_fpclassifyf  m_wm.l(fpclassifyf.o)
    0x08005416   0x08005416   0x00000002   PAD
    0x08005418   0x08005418   0x00000150   Code   RO         4008    i.__hardfp_cosf     m_wm.l(cosf.o)
    0x08005568   0x08005568   0x000000b0   Code   RO         4020    i.__hardfp_fmodf    m_wm.l(fmodf.o)
    0x08005618   0x08005618   0x00000190   Code   RO         4032    i.__hardfp_sinf     m_wm.l(sinf.o)
    0x080057a8   0x080057a8   0x0000007a   Code   RO         4044    i.__hardfp_sqrt     m_wm.l(sqrt.o)
    0x08005822   0x08005822   0x00000006   Code   RO         4083    i.__mathlib_flt_infnan  m_wm.l(funder.o)
    0x08005828   0x08005828   0x00000010   Code   RO         4085    i.__mathlib_flt_invalid  m_wm.l(funder.o)
    0x08005838   0x08005838   0x00000010   Code   RO         4088    i.__mathlib_flt_underflow  m_wm.l(funder.o)
    0x08005848   0x08005848   0x00000154   Code   RO         4096    i.__mathlib_rredf2  m_wm.l(rredf.o)
    0x0800599c   0x0800599c   0x0000000e   Code   RO         4137    i.__scatterload_copy  mc_w.l(handlers.o)
    0x080059aa   0x080059aa   0x00000002   Code   RO         4138    i.__scatterload_null  mc_w.l(handlers.o)
    0x080059ac   0x080059ac   0x0000000e   Code   RO         4139    i.__scatterload_zeroinit  mc_w.l(handlers.o)
    0x080059ba   0x080059ba   0x00000002   PAD
    0x080059bc   0x080059bc   0x0000000c   Code   RO         4117    i.__set_errno       mc_w.l(errno.o)
    0x080059c8   0x080059c8   0x00000010   Code   RO           15    i.__sti___6_main_c_3999b5b4  main.o
    0x080059d8   0x080059d8   0x000000f4   Code   RO           16    i.main              main.o
    0x08005acc   0x08005acc   0x00000020   Data   RO         1125    .constdata          stm32f3xx_hal_rcc.o
    0x08005aec   0x08005aec   0x00000018   Data   RO         3839    .constdata          system_stm32f3xx.o
    0x08005b04   0x08005b04   0x00000020   Data   RO         4097    .constdata          m_wm.l(rredf.o)
    0x08005b24   0x08005b24   0x00000020   Data   RO         4135    Region$$Table       anon$$obj.o
    0x08005b44   0x08005b44   0x00000004   Data   RO           23    .init_array         main.o
    0x08005b48   0x08005b44   0x00000000   Data   RO         4070    .init_array         mc_w.l(cpp_init.o)


    Execution Region RW_IRAM1 (Exec base: 0x20000000, Load base: 0x08005b48, Size: 0x000006c0, Max: 0x00004000, ABSOLUTE)

    Exec Addr    Load Addr    Size         Type   Attr      Idx    E Section Name        Object

    0x20000000   0x08005b48   0x00000014   Data   RW           22    .data               main.o
    0x20000014   0x08005b5c   0x00000009   Data   RW          948    .data               stm32f3xx_hal.o
    0x2000001d   0x08005b65   0x00000003   PAD
    0x20000020   0x08005b68   0x00000004   Data   RW         3840    .data               system_stm32f3xx.o
    0x20000024   0x08005b6c   0x00000022   Data   RW         3898    .data               bldc.o
    0x20000046   0x08005b8e   0x00000002   PAD
    0x20000048   0x08005b90   0x00000004   Data   RW         4118    .data               mc_w.l(errno.o)
    0x2000004c        -       0x00000148   Zero   RW           21    .bss                main.o
    0x20000194        -       0x00000094   Zero   RW          218    .bss                adc.o
    0x20000228        -       0x00000098   Zero   RW          292    .bss                tim.o
    0x200002c0        -       0x00000400   Zero   RW            1    STACK               startup_stm32f302x8.o


==============================================================================

Image component sizes


      Code (inc. data)   RO Data    RW Data    ZI Data      Debug   Object Name

       500         24          0          0        148       2107   adc.o
      4052        240          0         34          0      13377   bldc.o
        52          4          0          0          0        802   dma.o
       168         10          0          0          0        995   gpio.o
       404         50          4         20        328     541395   main.o
        36          8        392          0       1024        844   startup_stm32f302x8.o
       152         32          0          9          0      11593   stm32f3xx_hal.o
         8          0          0          0          0       2769   stm32f3xx_hal_adc.o
      4440         78          0          0          0      14767   stm32f3xx_hal_adc_ex.o
       304         22          0          0          0      32835   stm32f3xx_hal_cortex.o
       544          4          0          0          0       4163   stm32f3xx_hal_dma.o
       470         26          0          0          0       2991   stm32f3xx_hal_gpio.o
        64          6          0          0          0        890   stm32f3xx_hal_msp.o
      3440         74         32          0          0       4700   stm32f3xx_hal_rcc.o
       692         12          0          0          0       1608   stm32f3xx_hal_rcc_ex.o
      3036        190          0          0          0      20597   stm32f3xx_hal_tim.o
       866         32          0          0          0       7432   stm32f3xx_hal_tim_ex.o
        50          6          0          0          0       4829   stm32f3xx_it.o
        20          6         24          4          0       1183   system_stm32f3xx.o
       848         34          0          0        152       3629   tim.o

    ----------------------------------------------------------------------
     20172        858        484         72       1652     673506   Object Totals
         0          0         32          0          0          0   (incl. Generated)
        26          0          0          5          0          0   (incl. Padding)

    ----------------------------------------------------------------------

      Code (inc. data)   RO Data    RW Data    ZI Data      Debug   Library Member Name

       336         56          0          0          0        136   cosf.o
       176          0          0          0          0        168   fmodf.o
        38          0          0          0          0        116   fpclassifyf.o
        38         12          0          0          0        348   funder.o
       340         24         32          0          0        160   rredf.o
       400         56          0          0          0        212   sinf.o
       122          0          0          0          0        148   sqrt.o
        32         10          0          0          0         80   cpp_init.o
         0          0          0          0          0          0   entry.o
         0          0          0          0          0          0   entry10a.o
         0          0          0          0          0          0   entry11a.o
         8          4          0          0          0          0   entry2.o
         4          0          0          0          0          0   entry5.o
         0          0          0          0          0          0   entry7b.o
         4          0          0          0          0          0   entry8a.o
         0          0          0          0          0          0   entry8b.o
         8          4          0          0          0          0   entry9a.o
        12          6          0          4          0         68   errno.o
        30          0          0          0          0          0   handlers.o
        36          8          0          0          0         68   init.o
         0          0          0          0          0          0   iusefp.o
        30          0          0          0          0         68   llshl.o
        32          0          0          0          0         68   llushr.o
        36          0          0          0          0         68   memcpya.o
        36          0          0          0          0        108   memseta.o
        98          0          0          0          0         92   uldiv.o
        56          0          0          0          0         88   d2f.o
       222          0          0          0          0        100   ddiv.o
       186          0          0          0          0        176   depilogue.o
       162          0          0          0          0        100   dsqrt.o
        38          0          0          0          0         68   f2d.o
       110          0          0          0          0        168   fepilogue.o
        82          0          0          0          0         96   frem.o

    ----------------------------------------------------------------------
      2680        180         32          4          0       2704   Library Totals
         8          0          0          0          0          0   (incl. Padding)

    ----------------------------------------------------------------------

      Code (inc. data)   RO Data    RW Data    ZI Data      Debug   Library Name

      1450        148         32          0          0       1288   m_wm.l
       366         32          0          4          0        620   mc_w.l
       856          0          0          0          0        796   mf_w.l

    ----------------------------------------------------------------------
      2680        180         32          4          0       2704   Library Totals

    ----------------------------------------------------------------------

==============================================================================


      Code (inc. data)   RO Data    RW Data    ZI Data      Debug   

     22852       1038        516         76       1652     664390   Grand Totals
     22852       1038        516         76       1652     664390   ELF Image Totals
     22852       1038        516         76          0          0   ROM Totals

==============================================================================

    Total RO  Size (Code + RO Data)                23368 (  22.82kB)
    Total RW  Size (RW Data + ZI Data)              1728 (   1.69kB)
    Total ROM Size (Code + RO Data + RW Data)      23444 (  22.89kB)

==============================================================================

